#
# There is insufficient memory for the Java Runtime Environment to continue.
# Native memory allocation (malloc) failed to allocate 146096 bytes. Error detail: Chunk::new
# Possible reasons:
#   The system is out of physical RAM or swap space
#   This process is running with CompressedOops enabled, and the Java Heap may be blocking the growth of the native heap
# Possible solutions:
#   Reduce memory load on the system
#   Increase physical memory or swap space
#   Check if swap backing store is full
#   Decrease Java heap size (-Xmx/-Xms)
#   Decrease number of Java threads
#   Decrease Java thread stack sizes (-Xss)
#   Set larger code cache with -XX:ReservedCodeCacheSize=
#   JVM is running with Unscaled Compressed Oops mode in which the Java heap is
#     placed in the first 4GB address space. The Java Heap base address is the
#     maximum limit for the native heap growth. Please use -XX:HeapBaseMinAddress
#     to set the Java Heap base and to place the Java Heap above 4GB virtual address.
# This output file may be truncated or incomplete.
#
#  Out of Memory Error (arena.cpp:168), pid=19880, tid=19720
#
# JRE version: OpenJDK Runtime Environment Temurin-21.0.12.1+1 (21.0.12.1+1) (build 21.0.12.1+1-LTS)
# Java VM: OpenJDK 64-Bit Server VM Temurin-21.0.12.1+1 (21.0.12.1+1-LTS, mixed mode, sharing, tiered, compressed oops, compressed class ptrs, parallel gc, windows-amd64)
# No core dump will be written. Minidumps are not enabled by default on client versions of Windows
#

---------------  S U M M A R Y ------------

Command Line: --add-modules=ALL-SYSTEM --add-opens=java.base/java.util=ALL-UNNAMED --add-opens=java.base/java.lang=ALL-UNNAMED --add-opens=java.base/sun.nio.fs=ALL-UNNAMED -Declipse.application=org.eclipse.jdt.ls.core.id1 -Dosgi.bundles.defaultStartLevel=4 -Declipse.product=org.eclipse.jdt.ls.core.product -Djava.import.generatesMetadataFilesAtProjectRoot=false -Dm2e.project.cache.size=50 -DDetectVMInstallationsJob.disabled=true -Dfile.encoding=utf8 -XX:+UseParallelGC -XX:GCTimeRatio=4 -XX:AdaptiveSizePolicyWeight=90 -Dsun.zip.disableMemoryMapping=true -Xmx2G -Xms100m -Xlog:disable -javaagent:c:\Users\USER\.antigravity-ide\extensions\redhat.java-1.56.0-win32-x64\lombok\lombok-1.18.39-4050.jar c:\Users\USER\.antigravity-ide\extensions\redhat.java-1.56.0-win32-x64\server\plugins\org.eclipse.equinox.launcher_1.8.0.v20260804-1928.jar -configuration c:\Users\USER\AppData\Roaming\Antigravity IDE\User\globalStorage\redhat.java\1.56.0\config_ss_win -data c:\Users\USER\AppData\Roaming\Antigravity IDE\User\workspaceStorage\2377131e4495ebcd3a52215fcdae1dd4\redhat.java\ss_ws --pipe=\\.\pipe\lsp-4a151d37bc6492dbce9bba2996ad6087-sock

Host: AMD Ryzen 7 7730U with Radeon Graphics         , 16 cores, 13G,  Windows 11 , 64 bit Build 26100 (10.0.26100.9444)
Time: Tue Oct  6 11:58:29 2026 Sri Lanka Standard Time elapsed time: 2.263141 seconds (0d 0h 0m 2s)

---------------  T H R E A D  ---------------

Current thread (0x000002894b6c7030):  JavaThread "C2 CompilerThread0" daemon [_thread_in_native, id=19720, stack(0x000000c3ae100000,0x000000c3ae200000) (1024K)]


Current CompileTask:
C2:2263 2500 %     4       java.util.Properties$LineReader::readLine @ 53 (584 bytes)

Stack: [0x000000c3ae100000,0x000000c3ae200000]
Native frames: (J=compiled Java code, j=interpreted, Vv=VM code, C=native code)
V  [jvm.dll+0x6d83e9]
V  [jvm.dll+0x8b5736]
V  [jvm.dll+0x8b7cee]
V  [jvm.dll+0x8b83d3]
V  [jvm.dll+0x284596]
V  [jvm.dll+0xc685d]
V  [jvm.dll+0xc6da1]
V  [jvm.dll+0x2fb5ae]
V  [jvm.dll+0x5fee94]
V  [jvm.dll+0x255d67]
V  [jvm.dll+0x24ddab]
V  [jvm.dll+0x24bbe6]
V  [jvm.dll+0x1cb4ae]
V  [jvm.dll+0x25baad]
V  [jvm.dll+0x25a03a]
V  [jvm.dll+0x3f8aae]
V  [jvm.dll+0x8600cd]
V  [jvm.dll+0x6d6c1d]
C  [ucrtbase.dll+0x2cd30]
C  [KERNEL32.DLL+0x2cd87]
C  [ntdll.dll+0xacaec]


---------------  P R O C E S S  ---------------

Threads class SMR info:
_java_thread_list=0x000002896a0a5040, length=21, elements={
0x000002894b60ada0, 0x000002894b6b13c0, 0x000002894b6b46a0, 0x000002894b6b7390,
0x000002894b6b8150, 0x000002894b6bb7a0, 0x000002894b6c14e0, 0x000002894b6c7030,
0x000002894b6c9170, 0x000002896346f380, 0x000002896359d010, 0x000002896367bcb0,
0x000002896369e140, 0x00000289636a0e30, 0x000002896911c6e0, 0x0000028969631f90,
0x0000028969c142a0, 0x00000289698b5b30, 0x0000028969838a10, 0x000002896983bd30,
0x0000028969f835a0
}

Java Threads: ( => current thread )
  0x000002894b60ada0 JavaThread "main"                              [_thread_blocked, id=23292, stack(0x000000c3ad700000,0x000000c3ad800000) (1024K)]
  0x000002894b6b13c0 JavaThread "Reference Handler"          daemon [_thread_blocked, id=20444, stack(0x000000c3adb00000,0x000000c3adc00000) (1024K)]
  0x000002894b6b46a0 JavaThread "Finalizer"                  daemon [_thread_blocked, id=16476, stack(0x000000c3adc00000,0x000000c3add00000) (1024K)]
  0x000002894b6b7390 JavaThread "Signal Dispatcher"          daemon [_thread_blocked, id=11792, stack(0x000000c3add00000,0x000000c3ade00000) (1024K)]
  0x000002894b6b8150 JavaThread "Attach Listener"            daemon [_thread_blocked, id=3148, stack(0x000000c3ade00000,0x000000c3adf00000) (1024K)]
  0x000002894b6bb7a0 JavaThread "Service Thread"             daemon [_thread_blocked, id=20976, stack(0x000000c3adf00000,0x000000c3ae000000) (1024K)]
  0x000002894b6c14e0 JavaThread "Monitor Deflation Thread"   daemon [_thread_blocked, id=8372, stack(0x000000c3ae000000,0x000000c3ae100000) (1024K)]
=>0x000002894b6c7030 JavaThread "C2 CompilerThread0"         daemon [_thread_in_native, id=19720, stack(0x000000c3ae100000,0x000000c3ae200000) (1024K)]
  0x000002894b6c9170 JavaThread "C1 CompilerThread0"         daemon [_thread_blocked, id=10156, stack(0x000000c3ae200000,0x000000c3ae300000) (1024K)]
  0x000002896346f380 JavaThread "C1 CompilerThread1"         daemon [_thread_blocked, id=21524, stack(0x000000c3ae300000,0x000000c3ae400000) (1024K)]
  0x000002896359d010 JavaThread "C2 CompilerThread1"         daemon [_thread_in_native, id=23156, stack(0x000000c3ae400000,0x000000c3ae500000) (1024K)]
  0x000002896367bcb0 JavaThread "Common-Cleaner"             daemon [_thread_blocked, id=23164, stack(0x000000c3ae500000,0x000000c3ae600000) (1024K)]
  0x000002896369e140 JavaThread "C1 CompilerThread2"         daemon [_thread_blocked, id=21972, stack(0x000000c3ae600000,0x000000c3ae700000) (1024K)]
  0x00000289636a0e30 JavaThread "C1 CompilerThread3"         daemon [_thread_blocked, id=23424, stack(0x000000c3ae700000,0x000000c3ae800000) (1024K)]
  0x000002896911c6e0 JavaThread "Notification Thread"        daemon [_thread_blocked, id=13836, stack(0x000000c3ae800000,0x000000c3ae900000) (1024K)]
  0x0000028969631f90 JavaThread "C2 CompilerThread2"         daemon [_thread_in_native, id=4572, stack(0x000000c3ae900000,0x000000c3aea00000) (1024K)]
  0x0000028969c142a0 JavaThread "Active Thread: Equinox Container: d5c634eb-a7b8-4107-a08c-532b5ef9f5f0"        [_thread_blocked, id=14544, stack(0x000000c3af100000,0x000000c3af200000) (1024K)]
  0x00000289698b5b30 JavaThread "Framework Event Dispatcher: Equinox Container: d5c634eb-a7b8-4107-a08c-532b5ef9f5f0" daemon [_thread_blocked, id=23396, stack(0x000000c3af300000,0x000000c3af400000) (1024K)]
  0x0000028969838a10 JavaThread "Start Level: Equinox Container: d5c634eb-a7b8-4107-a08c-532b5ef9f5f0" daemon [_thread_in_native, id=19672, stack(0x000000c3af400000,0x000000c3af500000) (1024K)]
  0x000002896983bd30 JavaThread "SCR Component Actor"        daemon [_thread_blocked, id=3788, stack(0x000000c3af500000,0x000000c3af600000) (1024K)]
  0x0000028969f835a0 JavaThread "Worker-JM"                         [_thread_blocked, id=10920, stack(0x000000c3aea00000,0x000000c3aeb00000) (1024K)]
Total: 21

Other Threads:
  0x000002894b6b0780 VMThread "VM Thread"                           [id=3884, stack(0x000000c3ada00000,0x000000c3adb00000) (1024K)]
  0x000002894b67bab0 WatcherThread "VM Periodic Task Thread"        [id=12076, stack(0x000000c3ad900000,0x000000c3ada00000) (1024K)]
  0x000002894b629270 WorkerThread "GC Thread#0"                     [id=22600, stack(0x000000c3ad800000,0x000000c3ad900000) (1024K)]
  0x0000028969bd9470 WorkerThread "GC Thread#1"                     [id=19000, stack(0x000000c3aeb00000,0x000000c3aec00000) (1024K)]
  0x0000028969b765c0 WorkerThread "GC Thread#2"                     [id=22560, stack(0x000000c3aec00000,0x000000c3aed00000) (1024K)]
  0x0000028969b76970 WorkerThread "GC Thread#3"                     [id=12204, stack(0x000000c3aed00000,0x000000c3aee00000) (1024K)]
  0x00000289698f60c0 WorkerThread "GC Thread#4"                     [id=18836, stack(0x000000c3aee00000,0x000000c3aef00000) (1024K)]
  0x00000289698f6470 WorkerThread "GC Thread#5"                     [id=9188, stack(0x000000c3aef00000,0x000000c3af000000) (1024K)]
  0x00000289698f6820 WorkerThread "GC Thread#6"                     [id=21620, stack(0x000000c3af000000,0x000000c3af100000) (1024K)]
  0x0000028969c4a9e0 WorkerThread "GC Thread#7"                     [id=19816, stack(0x000000c3af200000,0x000000c3af300000) (1024K)]
  0x0000028969f02960 WorkerThread "GC Thread#8"                     [id=9016, stack(0x000000c3af600000,0x000000c3af700000) (1024K)]
  0x0000028969f74e20 WorkerThread "GC Thread#9"                     [id=22308, stack(0x000000c3af700000,0x000000c3af800000) (1024K)]
Total: 12

Threads with active compile tasks:
C2 CompilerThread0  2304 2500 %     4       java.util.Properties$LineReader::readLine @ 53 (584 bytes)
C2 CompilerThread1  2304 2517       4       java.util.regex.Pattern$BmpCharPropertyGreedy::match (89 bytes)
C2 CompilerThread2  2304 2501       4       lombok.patcher.PatchScript::classMatches (41 bytes)
Total: 3

VM state: not at safepoint (normal execution)

VM Mutex/Monitor currently owned by a thread: None

Heap address: 0x0000000080000000, size: 2048 MB, Compressed Oops mode: 32-bit

CDS archive(s) mapped at: [0x0000028900000000-0x0000028900ba0000-0x0000028900ba0000), size 12189696, SharedBaseAddress: 0x0000028900000000, ArchiveRelocationMode: 1.
Compressed class space mapped at: 0x0000028901000000-0x0000028941000000, reserved size: 1073741824
Narrow klass base: 0x0000028900000000, Narrow klass shift: 0, Narrow klass range: 0x100000000

GC Precious Log:
 CardTable entry size: 512
 CPUs: 16 total, 16 available
 Memory: 14173M
 Large Page Support: Disabled
 NUMA Support: Disabled
 Compressed Oops: Enabled (32-bit)
 Alignments: Space 512K, Generation 512K, Heap 2M
 Heap Min Capacity: 100M
 Heap Initial Capacity: 100M
 Heap Max Capacity: 2G
 Pre-touch: Disabled
 Parallel Workers: 13

Heap:
 PSYoungGen      total 29696K, used 12325K [0x00000000d5580000, 0x00000000d7680000, 0x0000000100000000)
  eden space 25600K, 32% used [0x00000000d5580000,0x00000000d5d8c7d8,0x00000000d6e80000)
  from space 4096K, 99% used [0x00000000d6e80000,0x00000000d727ccc0,0x00000000d7280000)
  to   space 4096K, 0% used [0x00000000d7280000,0x00000000d7280000,0x00000000d7680000)
 ParOldGen       total 68608K, used 2517K [0x0000000080000000, 0x0000000084300000, 0x00000000d5580000)
  object space 68608K, 3% used [0x0000000080000000,0x0000000080275640,0x0000000084300000)
 Metaspace       used 13685K, committed 14208K, reserved 1114112K
  class space    used 1433K, committed 1664K, reserved 1048576K

Card table byte_map: [0x000002894afb0000,0x000002894b3c0000] _byte_map_base: 0x000002894abb0000

Marking Bits: (ParMarkBitMap*) 0x00007ff874e044a0
 Begin Bits: [0x000002895dac0000, 0x000002895fac0000)
 End Bits:   [0x000002895fac0000, 0x0000028961ac0000)

Polling page: 0x0000028949450000

Metaspace:

Usage:
  Non-class:     11.96 MB used.
      Class:      1.40 MB used.
       Both:     13.36 MB used.

Virtual space:
  Non-class space:       64.00 MB reserved,      12.25 MB ( 19%) committed,  1 nodes.
      Class space:        1.00 GB reserved,       1.62 MB ( <1%) committed,  1 nodes.
             Both:        1.06 GB reserved,      13.88 MB (  1%) committed. 

Chunk freelists:
   Non-Class:  3.64 MB
       Class:  14.39 MB
        Both:  18.03 MB

MaxMetaspaceSize: unlimited
CompressedClassSpaceSize: 1.00 GB
Initial GC threshold: 21.00 MB
Current GC threshold: 21.00 MB
CDS: on
 - commit_granule_bytes: 65536.
 - commit_granule_words: 8192.
 - virtual_space_node_default_size: 8388608.
 - enlarge_chunks_in_place: 1.
 - use_allocation_guard: 0.


Internal statistics:

num_allocs_failed_limit: 0.
num_arena_births: 384.
num_arena_deaths: 0.
num_vsnodes_births: 2.
num_vsnodes_deaths: 0.
num_space_committed: 222.
num_space_uncommitted: 0.
num_chunks_returned_to_freelist: 0.
num_chunks_taken_from_freelist: 847.
num_chunk_merges: 0.
num_chunk_splits: 539.
num_chunks_enlarged: 343.
num_inconsistent_stats: 0.

CodeHeap 'non-profiled nmethods': size=119168Kb used=987Kb max_used=987Kb free=118180Kb
 bounds [0x00000289563b0000, 0x0000028956620000, 0x000002895d810000]
CodeHeap 'profiled nmethods': size=119104Kb used=4923Kb max_used=4923Kb free=114180Kb
 bounds [0x000002894e810000, 0x000002894ece0000, 0x0000028955c60000]
CodeHeap 'non-nmethods': size=7488Kb used=2944Kb max_used=2976Kb free=4543Kb
 bounds [0x0000028955c60000, 0x0000028955f50000, 0x00000289563b0000]
CodeCache: size=245760Kb, used=8854Kb, max_used=8886Kb, free=236903Kb
 total_blobs=3052, nmethods=2522, adapters=433, full_count=0
Compilation: enabled, stopped_count=0, restarted_count=0

Compilation events (20 events):
Event: 2.230 Thread 0x000002896369e140 nmethod 2490 0x000002894ecce890 code [0x000002894eccec20, 0x000002894ecd0040]
Event: 2.234 Thread 0x000002896346f380 2491       3       jdk.internal.org.objectweb.asm.FieldWriter::visitEnd (1 bytes)
Event: 2.234 Thread 0x000002896346f380 nmethod 2491 0x000002894ecd0890 code [0x000002894ecd0a20, 0x000002894ecd0b28]
Event: 2.237 Thread 0x000002896369e140 2492       1       org.eclipse.core.runtime.Path::getSegments (5 bytes)
Event: 2.237 Thread 0x000002896369e140 nmethod 2492 0x00000289564a3a10 code [0x00000289564a3ba0, 0x00000289564a3c68]
Event: 2.241 Thread 0x00000289636a0e30 2493       3       org.eclipse.core.internal.preferences.EclipsePreferences::checkRemoved (26 bytes)
Event: 2.241 Thread 0x00000289636a0e30 nmethod 2493 0x000002894ecd0b90 code [0x000002894ecd0d60, 0x000002894ecd1060]
Event: 2.244 Thread 0x000002894b6c9170 2494       3       java.lang.invoke.MemberName::<init> (139 bytes)
Event: 2.245 Thread 0x000002894b6c9170 nmethod 2494 0x000002894ecd1190 code [0x000002894ecd14c0, 0x000002894ecd2618]
Event: 2.247 Thread 0x000002896369e140 2495       3       java.lang.invoke.DirectMethodHandle$Holder::invokeStatic (15 bytes)
Event: 2.247 Thread 0x000002896346f380 2496       3       java.lang.invoke.Invokers$Holder::linkToTargetMethod (10 bytes)
Event: 2.247 Thread 0x000002896369e140 nmethod 2495 0x000002894ecd2b90 code [0x000002894ecd2d60, 0x000002894ecd32c0]
Event: 2.248 Thread 0x000002896346f380 nmethod 2496 0x000002894ecd3410 code [0x000002894ecd35e0, 0x000002894ecd3a20]
Event: 2.248 Thread 0x000002894b6c9170 2497       1       org.eclipse.core.internal.registry.ReferenceMap$SoftRef::getKey (5 bytes)
Event: 2.248 Thread 0x000002894b6c9170 nmethod 2497 0x00000289564a3d10 code [0x00000289564a3ea0, 0x00000289564a3f68]
Event: 2.253 Thread 0x000002896346f380 2498       3       java.util.concurrent.ConcurrentHashMap::remove (32 bytes)
Event: 2.254 Thread 0x000002896346f380 nmethod 2498 0x000002894ecd3b10 code [0x000002894ecd3ce0, 0x000002894ecd3fa8]
Event: 2.256 Thread 0x000002894b6c9170 2499       3       java.util.Properties::loadConvert (540 bytes)
Event: 2.256 Thread 0x000002894b6c7030 2500 %     4       java.util.Properties$LineReader::readLine @ 53 (584 bytes)
Event: 2.257 Thread 0x000002894b6c9170 nmethod 2499 0x000002894ecd4090 code [0x000002894ecd4380, 0x000002894ecd5628]

GC Heap History (6 events):
Event: 0.649 GC heap before
{Heap before GC invocations=1 (full 0):
 PSYoungGen      total 29696K, used 25600K [0x00000000d5580000, 0x00000000d7680000, 0x0000000100000000)
  eden space 25600K, 100% used [0x00000000d5580000,0x00000000d6e80000,0x00000000d6e80000)
  from space 4096K, 0% used [0x00000000d7280000,0x00000000d7280000,0x00000000d7680000)
  to   space 4096K, 0% used [0x00000000d6e80000,0x00000000d6e80000,0x00000000d7280000)
 ParOldGen       total 68608K, used 0K [0x0000000080000000, 0x0000000084300000, 0x00000000d5580000)
  object space 68608K, 0% used [0x0000000080000000,0x0000000080000000,0x0000000084300000)
 Metaspace       used 4210K, committed 4480K, reserved 1114112K
  class space    used 459K, committed 576K, reserved 1048576K
}
Event: 0.656 GC heap after
{Heap after GC invocations=1 (full 0):
 PSYoungGen      total 29696K, used 3548K [0x00000000d5580000, 0x00000000d7680000, 0x0000000100000000)
  eden space 25600K, 0% used [0x00000000d5580000,0x00000000d5580000,0x00000000d6e80000)
  from space 4096K, 86% used [0x00000000d6e80000,0x00000000d71f7000,0x00000000d7280000)
  to   space 4096K, 0% used [0x00000000d7280000,0x00000000d7280000,0x00000000d7680000)
 ParOldGen       total 68608K, used 16K [0x0000000080000000, 0x0000000084300000, 0x00000000d5580000)
  object space 68608K, 0% used [0x0000000080000000,0x0000000080004000,0x0000000084300000)
 Metaspace       used 4210K, committed 4480K, reserved 1114112K
  class space    used 459K, committed 576K, reserved 1048576K
}
Event: 1.309 GC heap before
{Heap before GC invocations=2 (full 0):
 PSYoungGen      total 29696K, used 29148K [0x00000000d5580000, 0x00000000d7680000, 0x0000000100000000)
  eden space 25600K, 100% used [0x00000000d5580000,0x00000000d6e80000,0x00000000d6e80000)
  from space 4096K, 86% used [0x00000000d6e80000,0x00000000d71f7000,0x00000000d7280000)
  to   space 4096K, 0% used [0x00000000d7280000,0x00000000d7280000,0x00000000d7680000)
 ParOldGen       total 68608K, used 16K [0x0000000080000000, 0x0000000084300000, 0x00000000d5580000)
  object space 68608K, 0% used [0x0000000080000000,0x0000000080004000,0x0000000084300000)
 Metaspace       used 8015K, committed 8256K, reserved 1114112K
  class space    used 833K, committed 960K, reserved 1048576K
}
Event: 1.316 GC heap after
{Heap after GC invocations=2 (full 0):
 PSYoungGen      total 29696K, used 4086K [0x00000000d5580000, 0x00000000d7680000, 0x0000000100000000)
  eden space 25600K, 0% used [0x00000000d5580000,0x00000000d5580000,0x00000000d6e80000)
  from space 4096K, 99% used [0x00000000d7280000,0x00000000d767d810,0x00000000d7680000)
  to   space 4096K, 0% used [0x00000000d6e80000,0x00000000d6e80000,0x00000000d7280000)
 ParOldGen       total 68608K, used 990K [0x0000000080000000, 0x0000000084300000, 0x00000000d5580000)
  object space 68608K, 1% used [0x0000000080000000,0x00000000800f7b20,0x0000000084300000)
 Metaspace       used 8015K, committed 8256K, reserved 1114112K
  class space    used 833K, committed 960K, reserved 1048576K
}
Event: 2.100 GC heap before
{Heap before GC invocations=3 (full 0):
 PSYoungGen      total 29696K, used 29686K [0x00000000d5580000, 0x00000000d7680000, 0x0000000100000000)
  eden space 25600K, 100% used [0x00000000d5580000,0x00000000d6e80000,0x00000000d6e80000)
  from space 4096K, 99% used [0x00000000d7280000,0x00000000d767d810,0x00000000d7680000)
  to   space 4096K, 0% used [0x00000000d6e80000,0x00000000d6e80000,0x00000000d7280000)
 ParOldGen       total 68608K, used 990K [0x0000000080000000, 0x0000000084300000, 0x00000000d5580000)
  object space 68608K, 1% used [0x0000000080000000,0x00000000800f7b20,0x0000000084300000)
 Metaspace       used 12689K, committed 13120K, reserved 1114112K
  class space    used 1343K, committed 1536K, reserved 1048576K
}
Event: 2.106 GC heap after
{Heap after GC invocations=3 (full 0):
 PSYoungGen      total 29696K, used 4083K [0x00000000d5580000, 0x00000000d7680000, 0x0000000100000000)
  eden space 25600K, 0% used [0x00000000d5580000,0x00000000d5580000,0x00000000d6e80000)
  from space 4096K, 99% used [0x00000000d6e80000,0x00000000d727ccc0,0x00000000d7280000)
  to   space 4096K, 0% used [0x00000000d7280000,0x00000000d7280000,0x00000000d7680000)
 ParOldGen       total 68608K, used 2517K [0x0000000080000000, 0x0000000084300000, 0x00000000d5580000)
  object space 68608K, 3% used [0x0000000080000000,0x0000000080275640,0x0000000084300000)
 Metaspace       used 12689K, committed 13120K, reserved 1114112K
  class space    used 1343K, committed 1536K, reserved 1048576K
}

Dll operation events (18 events):
Event: 0.010 Attempting to load shared library c:\Users\USER\.antigravity-ide\extensions\redhat.java-1.56.0-win32-x64\jre\21.0.12.1-win32-x86_64\bin\java.dll
Event: 0.010 Loaded shared library c:\Users\USER\.antigravity-ide\extensions\redhat.java-1.56.0-win32-x64\jre\21.0.12.1-win32-x86_64\bin\java.dll
Event: 0.072 Attempting to load shared library c:\Users\USER\.antigravity-ide\extensions\redhat.java-1.56.0-win32-x64\jre\21.0.12.1-win32-x86_64\bin\zip.dll
Event: 0.072 Loaded shared library c:\Users\USER\.antigravity-ide\extensions\redhat.java-1.56.0-win32-x64\jre\21.0.12.1-win32-x86_64\bin\zip.dll
Event: 0.089 Attempting to load shared library C:\Users\USER\.antigravity-ide\extensions\redhat.java-1.56.0-win32-x64\jre\21.0.12.1-win32-x86_64\bin\instrument.dll
Event: 0.089 Loaded shared library C:\Users\USER\.antigravity-ide\extensions\redhat.java-1.56.0-win32-x64\jre\21.0.12.1-win32-x86_64\bin\instrument.dll
Event: 0.093 Attempting to load shared library C:\Users\USER\.antigravity-ide\extensions\redhat.java-1.56.0-win32-x64\jre\21.0.12.1-win32-x86_64\bin\net.dll
Event: 0.094 Loaded shared library C:\Users\USER\.antigravity-ide\extensions\redhat.java-1.56.0-win32-x64\jre\21.0.12.1-win32-x86_64\bin\net.dll
Event: 0.095 Attempting to load shared library C:\Users\USER\.antigravity-ide\extensions\redhat.java-1.56.0-win32-x64\jre\21.0.12.1-win32-x86_64\bin\nio.dll
Event: 0.095 Loaded shared library C:\Users\USER\.antigravity-ide\extensions\redhat.java-1.56.0-win32-x64\jre\21.0.12.1-win32-x86_64\bin\nio.dll
Event: 0.098 Attempting to load shared library C:\Users\USER\.antigravity-ide\extensions\redhat.java-1.56.0-win32-x64\jre\21.0.12.1-win32-x86_64\bin\zip.dll
Event: 0.098 Loaded shared library C:\Users\USER\.antigravity-ide\extensions\redhat.java-1.56.0-win32-x64\jre\21.0.12.1-win32-x86_64\bin\zip.dll
Event: 0.112 Attempting to load shared library C:\Users\USER\.antigravity-ide\extensions\redhat.java-1.56.0-win32-x64\jre\21.0.12.1-win32-x86_64\bin\jimage.dll
Event: 0.112 Loaded shared library C:\Users\USER\.antigravity-ide\extensions\redhat.java-1.56.0-win32-x64\jre\21.0.12.1-win32-x86_64\bin\jimage.dll
Event: 0.177 Attempting to load shared library c:\Users\USER\.antigravity-ide\extensions\redhat.java-1.56.0-win32-x64\jre\21.0.12.1-win32-x86_64\bin\verify.dll
Event: 0.177 Loaded shared library c:\Users\USER\.antigravity-ide\extensions\redhat.java-1.56.0-win32-x64\jre\21.0.12.1-win32-x86_64\bin\verify.dll
Event: 1.386 Attempting to load shared library C:\Users\USER\AppData\Roaming\Antigravity IDE\User\globalStorage\redhat.java\1.56.0\config_ss_win\org.eclipse.equinox.launcher\org.eclipse.equinox.launcher.win32.win32.x86_64_1.3.100.v20260804-1928\eclipse_11924.dll
Event: 1.392 Loaded shared library C:\Users\USER\AppData\Roaming\Antigravity IDE\User\globalStorage\redhat.java\1.56.0\config_ss_win\org.eclipse.equinox.launcher\org.eclipse.equinox.launcher.win32.win32.x86_64_1.3.100.v20260804-1928\eclipse_11924.dll

Deoptimization events (20 events):
Event: 1.811 Thread 0x0000028969838a10 Uncommon trap: trap_request=0xffffffc6 fr.pc=0x000002895648881c relative=0x000000000000131c
Event: 1.811 Thread 0x0000028969838a10 Uncommon trap: reason=bimorphic_or_optimized_type_check action=maybe_recompile pc=0x000002895648881c method=java.io.DataInputStream.readFully([BII)V @ 30 c2
Event: 1.811 Thread 0x0000028969838a10 DEOPT PACKING pc=0x000002895648881c sp=0x000000c3af4fba50
Event: 1.811 Thread 0x0000028969838a10 DEOPT UNPACKING pc=0x0000028955cb3aa2 sp=0x000000c3af4fba48 mode 2
Event: 1.811 Thread 0x0000028969838a10 Uncommon trap: trap_request=0xffffffc6 fr.pc=0x000002895648881c relative=0x000000000000131c
Event: 1.811 Thread 0x0000028969838a10 Uncommon trap: reason=bimorphic_or_optimized_type_check action=maybe_recompile pc=0x000002895648881c method=java.io.DataInputStream.readFully([BII)V @ 30 c2
Event: 1.811 Thread 0x0000028969838a10 DEOPT PACKING pc=0x000002895648881c sp=0x000000c3af4fba50
Event: 1.811 Thread 0x0000028969838a10 DEOPT UNPACKING pc=0x0000028955cb3aa2 sp=0x000000c3af4fba48 mode 2
Event: 1.903 Thread 0x0000028969838a10 Uncommon trap: trap_request=0xffffff45 fr.pc=0x000002895646e7d8 relative=0x0000000000000f38
Event: 1.903 Thread 0x0000028969838a10 Uncommon trap: reason=unstable_if action=reinterpret pc=0x000002895646e7d8 method=java.io.WinNTFileSystem.normalize(Ljava/lang/String;II)Ljava/lang/String; @ 100 c2
Event: 1.903 Thread 0x0000028969838a10 DEOPT PACKING pc=0x000002895646e7d8 sp=0x000000c3af4fcee0
Event: 1.903 Thread 0x0000028969838a10 DEOPT UNPACKING pc=0x0000028955cb3aa2 sp=0x000000c3af4fceb8 mode 2
Event: 2.152 Thread 0x0000028969838a10 Uncommon trap: trap_request=0xffffff45 fr.pc=0x00000289564145b0 relative=0x0000000000000f10
Event: 2.152 Thread 0x0000028969838a10 Uncommon trap: reason=unstable_if action=reinterpret pc=0x00000289564145b0 method=lombok.patcher.PatchScript.classMatches(Ljava/lang/String;Ljava/util/Collection;)Z @ 25 c2
Event: 2.152 Thread 0x0000028969838a10 DEOPT PACKING pc=0x00000289564145b0 sp=0x000000c3af4f7100
Event: 2.152 Thread 0x0000028969838a10 DEOPT UNPACKING pc=0x0000028955cb3aa2 sp=0x000000c3af4f70c0 mode 2
Event: 2.256 Thread 0x0000028969838a10 Uncommon trap: trap_request=0xffffff45 fr.pc=0x00000289564a1758 relative=0x00000000000014f8
Event: 2.256 Thread 0x0000028969838a10 Uncommon trap: reason=unstable_if action=reinterpret pc=0x00000289564a1758 method=java.util.Properties.loadConvert([CIILjava/lang/StringBuilder;)Ljava/lang/String; @ 491 c2
Event: 2.256 Thread 0x0000028969838a10 DEOPT PACKING pc=0x00000289564a1758 sp=0x000000c3af4f7e70
Event: 2.256 Thread 0x0000028969838a10 DEOPT UNPACKING pc=0x0000028955cb3aa2 sp=0x000000c3af4f7e60 mode 2

Classes loaded (20 events):
Event: 2.166 Loading class java/lang/foreign/MemoryLayout done
Event: 2.166 Loading class java/lang/foreign/ValueLayout done
Event: 2.167 Loading class java/io/ObjectInputStream
Event: 2.168 Loading class java/io/ObjectInput
Event: 2.168 Loading class java/io/ObjectInput done
Event: 2.168 Loading class java/io/ObjectStreamConstants
Event: 2.168 Loading class java/io/ObjectStreamConstants done
Event: 2.168 Loading class java/io/ObjectInputStream done
Event: 2.168 Loading class java/io/ObjectOutputStream
Event: 2.169 Loading class java/io/ObjectOutput
Event: 2.169 Loading class java/io/ObjectOutput done
Event: 2.169 Loading class java/io/ObjectOutputStream done
Event: 2.169 Loading class java/lang/constant/ClassDesc
Event: 2.169 Loading class java/lang/constant/ClassDesc done
Event: 2.170 Loading class jdk/internal/vm/annotation/ForceInline
Event: 2.170 Loading class jdk/internal/vm/annotation/ForceInline done
Event: 2.255 Loading class java/lang/IllegalCallerException
Event: 2.255 Loading class java/lang/IllegalCallerException done
Event: 2.258 Loading class java/lang/invoke/DirectMethodHandle$1
Event: 2.258 Loading class java/lang/invoke/DirectMethodHandle$1 done

Classes unloaded (0 events):
No events

Classes redefined (0 events):
No events

Internal exceptions (20 events):
Event: 1.095 Thread 0x000002894b60ada0 Exception <a 'java/lang/IncompatibleClassChangeError'{0x00000000d66bf0f8}: Found class java.lang.Object, but interface was expected> (0x00000000d66bf0f8) 
thrown [s\src\hotspot\share\interpreter\linkResolver.cpp, line 840]
Event: 1.096 Thread 0x000002894b60ada0 Exception <a 'java/lang/NoSuchMethodError'{0x00000000d66c5668}: 'void java.lang.invoke.DirectMethodHandle$Holder.invokeStaticInit(java.lang.Object, java.lang.Object)'> (0x00000000d66c5668) 
thrown [s\src\hotspot\share\interpreter\linkResolver.cpp, line 773]
Event: 1.098 Thread 0x000002894b60ada0 Exception <a 'java/lang/NoSuchMethodError'{0x00000000d66cea60}: 'int java.lang.invoke.DirectMethodHandle$Holder.invokeStaticInit(java.lang.Object, java.lang.Object)'> (0x00000000d66cea60) 
thrown [s\src\hotspot\share\interpreter\linkResolver.cpp, line 773]
Event: 1.152 Thread 0x000002894b60ada0 Exception <a 'java/lang/NoSuchMethodError'{0x00000000d69237a0}: 'java.lang.Object java.lang.invoke.DirectMethodHandle$Holder.newInvokeSpecial(java.lang.Object, int, java.lang.Object)'> (0x00000000d69237a0) 
thrown [s\src\hotspot\share\interpreter\linkResolver.cpp, line 773]
Event: 1.204 Thread 0x000002894b60ada0 Exception <a 'java/lang/ClassNotFoundException'{0x00000000d6b40c40}: sun/net/www/protocol/plurl/Handler> (0x00000000d6b40c40) 
thrown [s\src\hotspot\share\classfile\systemDictionary.cpp, line 313]
Event: 1.204 Thread 0x000002894b60ada0 Exception <a 'java/lang/ClassNotFoundException'{0x00000000d6b41ac0}: sun/net/www/protocol/plurl/Handler> (0x00000000d6b41ac0) 
thrown [s\src\hotspot\share\classfile\systemDictionary.cpp, line 313]
Event: 1.384 Thread 0x000002894b60ada0 Exception <a 'java/lang/UnsatisfiedLinkError'{0x00000000d56f25b8}: 'void org.eclipse.equinox.launcher.JNIBridge._update_splash()'> (0x00000000d56f25b8) 
thrown [s\src\hotspot\share\prims\nativeLookup.cpp, line 415]
Event: 1.487 Thread 0x0000028969838a10 Exception <a 'java/lang/NullPointerException'{0x00000000d5aca698}> (0x00000000d5aca698) 
thrown [s\src\hotspot\share\interpreter\linkResolver.cpp, line 1372]
Event: 1.487 Thread 0x0000028969838a10 Exception <a 'java/lang/NullPointerException'{0x00000000d5aca978}> (0x00000000d5aca978) 
thrown [s\src\hotspot\share\interpreter\linkResolver.cpp, line 1372]
Event: 1.714 Thread 0x0000028969838a10 Exception <a 'java/lang/NoSuchMethodError'{0x00000000d639c9f8}: 'long java.lang.invoke.DirectMethodHandle$Holder.invokeSpecial(java.lang.Object, java.lang.Object)'> (0x00000000d639c9f8) 
thrown [s\src\hotspot\share\interpreter\linkResolver.cpp, line 773]
Event: 1.797 Thread 0x0000028969838a10 Exception <a 'java/io/FileNotFoundException'{0x00000000d6562528}> (0x00000000d6562528) 
thrown [s\src\hotspot\share\prims\jni.cpp, line 520]
Event: 1.924 Thread 0x0000028969838a10 Exception <a 'java/lang/NoSuchMethodError'{0x00000000d687a680}: 'java.lang.Object java.lang.invoke.Invokers$Holder.linkToTargetMethod(java.lang.Object, long, java.lang.Object)'> (0x00000000d687a680) 
thrown [s\src\hotspot\share\interpreter\linkResolver.cpp, line 773]
Event: 2.013 Thread 0x0000028969838a10 Exception <a 'java/lang/NoSuchMethodError'{0x00000000d6c042f8}: 'void java.lang.invoke.DirectMethodHandle$Holder.invokeInterface(java.lang.Object, java.lang.Object, java.lang.Object)'> (0x00000000d6c042f8) 
thrown [s\src\hotspot\share\interpreter\linkResolver.cpp, line 773]
Event: 2.076 Thread 0x0000028969838a10 Exception <a 'java/lang/NoSuchMethodError'{0x00000000d6e10688}: 'void java.lang.invoke.Invokers$Holder.invokeExact_MT(java.lang.Object, java.lang.Object, java.lang.Object)'> (0x00000000d6e10688) 
thrown [s\src\hotspot\share\interpreter\linkResolver.cpp, line 773]
Event: 2.177 Thread 0x0000028969838a10 Exception <a 'java/lang/NoSuchMethodError'{0x00000000d589b678}: 'java.lang.Object java.lang.invoke.DirectMethodHandle$Holder.invokeVirtual(java.lang.Object, java.lang.Object, java.lang.Object)'> (0x00000000d589b678) 
thrown [s\src\hotspot\share\interpreter\linkResolver.cpp, line 773]
Event: 2.180 Thread 0x0000028969838a10 Exception <a 'java/lang/NoSuchMethodError'{0x00000000d58b3a10}: 'java.lang.Object java.lang.invoke.DelegatingMethodHandle$Holder.reinvoke_L(java.lang.Object, java.lang.Object, java.lang.Object, java.lang.Object, int, int)'> (0x00000000d58b3a10) 
thrown [s\src\hotspot\share\interpreter\linkResolver.cpp, line 773]
Event: 2.185 Thread 0x0000028969838a10 Exception <a 'java/lang/NoSuchMethodError'{0x00000000d58d03c0}: 'java.lang.Object java.lang.invoke.DirectMethodHandle$Holder.newInvokeSpecial(java.lang.Object, java.lang.Object, java.lang.Object, java.lang.Object, java.lang.Object, java.lang.Object)'> (0x00000000d58d03c0) 
thrown [s\src\hotspot\share\interpreter\linkResolver.cpp, line 773]
Event: 2.190 Thread 0x0000028969838a10 Exception <a 'java/lang/NoSuchMethodError'{0x00000000d58fcae8}: 'void java.lang.invoke.Invokers$Holder.invokeExact_MT(java.lang.Object, java.lang.Object, java.lang.Object, java.lang.Object)'> (0x00000000d58fcae8) 
thrown [s\src\hotspot\share\interpreter\linkResolver.cpp, line 773]
Event: 2.246 Thread 0x0000028969838a10 Exception <a 'java/io/FileNotFoundException'{0x00000000d5a4baa8}> (0x00000000d5a4baa8) 
thrown [s\src\hotspot\share\prims\jni.cpp, line 520]
Event: 2.248 Thread 0x0000028969838a10 Exception <a 'java/io/FileNotFoundException'{0x00000000d5a53038}> (0x00000000d5a53038) 
thrown [s\src\hotspot\share\prims\jni.cpp, line 520]

ZGC Phase Switch (0 events):
No events

VM Operations (20 events):
Event: 0.649 Executing safepoint VM operation: ParallelGCFailedAllocation (Allocation Failure)
Event: 0.656 Executing safepoint VM operation: ParallelGCFailedAllocation (Allocation Failure) done
Event: 0.676 Executing non-safepoint VM operation: HandshakeAllThreads (Deoptimize)
Event: 0.676 Executing non-safepoint VM operation: HandshakeAllThreads (Deoptimize) done
Event: 1.130 Executing non-safepoint VM operation: HandshakeAllThreads (Deoptimize)
Event: 1.130 Executing non-safepoint VM operation: HandshakeAllThreads (Deoptimize) done
Event: 1.140 Executing non-safepoint VM operation: HandshakeAllThreads (Deoptimize)
Event: 1.140 Executing non-safepoint VM operation: HandshakeAllThreads (Deoptimize) done
Event: 1.199 Executing non-safepoint VM operation: HandshakeAllThreads (Deoptimize)
Event: 1.199 Executing non-safepoint VM operation: HandshakeAllThreads (Deoptimize) done
Event: 1.212 Executing safepoint VM operation: ICBufferFull
Event: 1.213 Executing safepoint VM operation: ICBufferFull done
Event: 1.309 Executing safepoint VM operation: ParallelGCFailedAllocation (Allocation Failure)
Event: 1.316 Executing safepoint VM operation: ParallelGCFailedAllocation (Allocation Failure) done
Event: 1.592 Executing non-safepoint VM operation: HandshakeAllThreads (Deoptimize)
Event: 1.592 Executing non-safepoint VM operation: HandshakeAllThreads (Deoptimize) done
Event: 1.968 Executing non-safepoint VM operation: HandshakeAllThreads (Deoptimize)
Event: 1.968 Executing non-safepoint VM operation: HandshakeAllThreads (Deoptimize) done
Event: 2.100 Executing safepoint VM operation: ParallelGCFailedAllocation (Allocation Failure)
Event: 2.106 Executing safepoint VM operation: ParallelGCFailedAllocation (Allocation Failure) done

Memory protections (0 events):
No events

Nmethod flushes (0 events):
No events

Events (20 events):
Event: 0.038 Thread 0x000002894b60ada0 Thread added: 0x000002894b6c7030
Event: 0.038 Thread 0x000002894b60ada0 Thread added: 0x000002894b6c9170
Event: 0.044 Thread 0x000002894b6c9170 Thread added: 0x000002896346f380
Event: 0.078 Thread 0x000002894b6c7030 Thread added: 0x000002896359d010
Event: 0.091 Thread 0x000002894b60ada0 Thread added: 0x000002896367bcb0
Event: 0.117 Thread 0x000002894b6c7030 Thread added: 0x000002896369e140
Event: 0.117 Thread 0x000002896346f380 Thread added: 0x00000289636a0e30
Event: 0.255 Thread 0x000002894b60ada0 Thread added: 0x000002896911c6e0
Event: 0.348 Thread 0x000002894b6c9170 Thread added: 0x00000289690d1d60
Event: 0.427 Thread 0x00000289690d1d60 Thread added: 0x0000028969774f70
Event: 0.809 Thread 0x0000028969774f70 Thread exited: 0x0000028969774f70
Event: 0.811 Thread 0x00000289690d1d60 Thread exited: 0x00000289690d1d60
Event: 0.878 Thread 0x000002896369e140 Thread added: 0x0000028969631f90
Event: 0.878 Thread 0x000002896369e140 Thread added: 0x0000028969632640
Event: 1.112 Thread 0x000002894b60ada0 Thread added: 0x0000028969c142a0
Event: 1.377 Thread 0x000002894b60ada0 Thread added: 0x00000289698b5b30
Event: 1.382 Thread 0x000002894b60ada0 Thread added: 0x0000028969838a10
Event: 1.436 Thread 0x0000028969838a10 Thread added: 0x000002896983bd30
Event: 1.595 Thread 0x0000028969632640 Thread exited: 0x0000028969632640
Event: 2.026 Thread 0x0000028969838a10 Thread added: 0x0000028969f835a0


Dynamic libraries:
0x00007ff7a0d60000 - 0x00007ff7a0d6e000 	c:\Users\USER\.antigravity-ide\extensions\redhat.java-1.56.0-win32-x64\jre\21.0.12.1-win32-x86_64\bin\java.exe
0x00007ff923c00000 - 0x00007ff923e67000 	C:\WINDOWS\SYSTEM32\ntdll.dll
0x00007ff922150000 - 0x00007ff92221b000 	C:\WINDOWS\System32\KERNEL32.DLL
0x00007ff921460000 - 0x00007ff921862000 	C:\WINDOWS\System32\KERNELBASE.dll
0x00007ff921110000 - 0x00007ff92125c000 	C:\WINDOWS\System32\ucrtbase.dll
0x00007ff90a5c0000 - 0x00007ff90a5d8000 	c:\Users\USER\.antigravity-ide\extensions\redhat.java-1.56.0-win32-x64\jre\21.0.12.1-win32-x86_64\bin\jli.dll
0x00007ff90a5e0000 - 0x00007ff90a5fe000 	c:\Users\USER\.antigravity-ide\extensions\redhat.java-1.56.0-win32-x64\jre\21.0.12.1-win32-x86_64\bin\VCRUNTIME140.dll
0x00007ff922510000 - 0x00007ff9226df000 	C:\WINDOWS\System32\USER32.dll
0x00007ff90b980000 - 0x00007ff90bc10000 	C:\WINDOWS\WinSxS\amd64_microsoft.windows.common-controls_6595b64144ccf1df_6.0.26100.9278_none_3e0d1ba8e3303201\COMCTL32.dll
0x00007ff921050000 - 0x00007ff921077000 	C:\WINDOWS\System32\win32u.dll
0x00007ff923a30000 - 0x00007ff923ad9000 	C:\WINDOWS\System32\msvcrt.dll
0x00007ff922c30000 - 0x00007ff922c5b000 	C:\WINDOWS\System32\GDI32.dll
0x00007ff921270000 - 0x00007ff921399000 	C:\WINDOWS\System32\gdi32full.dll
0x00007ff921870000 - 0x00007ff921913000 	C:\WINDOWS\System32\msvcp_win.dll
0x00007ff922970000 - 0x00007ff9229a1000 	C:\WINDOWS\System32\IMM32.DLL
0x00007ff91bb40000 - 0x00007ff91bb4c000 	c:\Users\USER\.antigravity-ide\extensions\redhat.java-1.56.0-win32-x64\jre\21.0.12.1-win32-x86_64\bin\vcruntime140_1.dll
0x00007ff8e64f0000 - 0x00007ff8e657d000 	c:\Users\USER\.antigravity-ide\extensions\redhat.java-1.56.0-win32-x64\jre\21.0.12.1-win32-x86_64\bin\msvcp140.dll
0x00007ff874140000 - 0x00007ff874ee2000 	c:\Users\USER\.antigravity-ide\extensions\redhat.java-1.56.0-win32-x64\jre\21.0.12.1-win32-x86_64\bin\server\jvm.dll
0x00007ff922b60000 - 0x00007ff922c1c000 	C:\WINDOWS\System32\ADVAPI32.dll
0x00007ff9229b0000 - 0x00007ff922a59000 	C:\WINDOWS\System32\sechost.dll
0x00007ff9223f0000 - 0x00007ff922508000 	C:\WINDOWS\System32\RPCRT4.dll
0x00007ff921920000 - 0x00007ff9219a0000 	C:\WINDOWS\System32\WS2_32.dll
0x00007ff920c60000 - 0x00007ff920cbe000 	C:\WINDOWS\SYSTEM32\POWRPROF.dll
0x00007ff9188d0000 - 0x00007ff918906000 	C:\WINDOWS\SYSTEM32\WINMM.dll
0x00007ff918910000 - 0x00007ff91891b000 	C:\WINDOWS\SYSTEM32\VERSION.dll
0x00007ff920c40000 - 0x00007ff920c55000 	C:\WINDOWS\SYSTEM32\UMPDC.dll
0x00007ff91fa90000 - 0x00007ff91faab000 	C:\WINDOWS\SYSTEM32\kernel.appcore.dll
0x00007ff9116e0000 - 0x00007ff9116ea000 	c:\Users\USER\.antigravity-ide\extensions\redhat.java-1.56.0-win32-x64\jre\21.0.12.1-win32-x86_64\bin\jimage.dll
0x00007ff9123c0000 - 0x00007ff91260c000 	C:\WINDOWS\SYSTEM32\DBGHELP.DLL
0x00007ff923620000 - 0x00007ff9239a5000 	C:\WINDOWS\System32\combase.dll
0x00007ff923170000 - 0x00007ff923249000 	C:\WINDOWS\System32\OLEAUT32.dll
0x00007ff905160000 - 0x00007ff90519b000 	C:\WINDOWS\SYSTEM32\dbgcore.DLL
0x00007ff9213a0000 - 0x00007ff92144c000 	C:\WINDOWS\System32\bcryptPrimitives.dll
0x00007ff90dd80000 - 0x00007ff90dd8f000 	c:\Users\USER\.antigravity-ide\extensions\redhat.java-1.56.0-win32-x64\jre\21.0.12.1-win32-x86_64\bin\instrument.dll
0x00007ff8f36d0000 - 0x00007ff8f36f0000 	c:\Users\USER\.antigravity-ide\extensions\redhat.java-1.56.0-win32-x64\jre\21.0.12.1-win32-x86_64\bin\java.dll
0x00007ff9219b0000 - 0x00007ff922148000 	C:\WINDOWS\System32\SHELL32.dll
0x00007ff91e820000 - 0x00007ff91f0ce000 	C:\WINDOWS\SYSTEM32\windows.storage.dll
0x00007ff923460000 - 0x00007ff92355b000 	C:\WINDOWS\System32\SHCORE.dll
0x00007ff9239b0000 - 0x00007ff923a16000 	C:\WINDOWS\System32\shlwapi.dll
0x00007ff920d20000 - 0x00007ff920d49000 	C:\WINDOWS\SYSTEM32\profapi.dll
0x00007ff909920000 - 0x00007ff909938000 	c:\Users\USER\.antigravity-ide\extensions\redhat.java-1.56.0-win32-x64\jre\21.0.12.1-win32-x86_64\bin\zip.dll
0x00007ff90ddb0000 - 0x00007ff90ddc0000 	C:\Users\USER\.antigravity-ide\extensions\redhat.java-1.56.0-win32-x64\jre\21.0.12.1-win32-x86_64\bin\net.dll
0x00007ff918560000 - 0x00007ff91868a000 	C:\WINDOWS\SYSTEM32\WINHTTP.dll
0x00007ff920030000 - 0x00007ff92009c000 	C:\WINDOWS\system32\mswsock.dll
0x00007ff8f60c0000 - 0x00007ff8f60d6000 	C:\Users\USER\.antigravity-ide\extensions\redhat.java-1.56.0-win32-x64\jre\21.0.12.1-win32-x86_64\bin\nio.dll
0x00007ff90dc60000 - 0x00007ff90dc70000 	c:\Users\USER\.antigravity-ide\extensions\redhat.java-1.56.0-win32-x64\jre\21.0.12.1-win32-x86_64\bin\verify.dll
0x00007ff90a570000 - 0x00007ff90a5b5000 	C:\Users\USER\AppData\Roaming\Antigravity IDE\User\globalStorage\redhat.java\1.56.0\config_ss_win\org.eclipse.equinox.launcher\org.eclipse.equinox.launcher.win32.win32.x86_64_1.3.100.v20260804-1928\eclipse_11924.dll
0x00007ff922220000 - 0x00007ff9223ba000 	C:\WINDOWS\System32\ole32.dll

JVMTI agents:
c:\Users\USER\.antigravity-ide\extensions\redhat.java-1.56.0-win32-x64\lombok\lombok-1.18.39-4050.jar path:c:\Users\USER\.antigravity-ide\extensions\redhat.java-1.56.0-win32-x64\jre\21.0.12.1-win32-x86_64\bin\instrument.dll, loaded, initialized, instrumentlib options:none

dbghelp: loaded successfully - version: 4.0.5 - missing functions: none
symbol engine: initialized successfully - sym options: 0x614 - pdb path: .;c:\Users\USER\.antigravity-ide\extensions\redhat.java-1.56.0-win32-x64\jre\21.0.12.1-win32-x86_64\bin;C:\WINDOWS\SYSTEM32;C:\WINDOWS\WinSxS\amd64_microsoft.windows.common-controls_6595b64144ccf1df_6.0.26100.9278_none_3e0d1ba8e3303201;c:\Users\USER\.antigravity-ide\extensions\redhat.java-1.56.0-win32-x64\jre\21.0.12.1-win32-x86_64\bin\server;C:\Users\USER\AppData\Roaming\Antigravity IDE\User\globalStorage\redhat.java\1.56.0\config_ss_win\org.eclipse.equinox.launcher\org.eclipse.equinox.launcher.win32.win32.x86_64_1.3.100.v20260804-1928

VM Arguments:
jvm_args: --add-modules=ALL-SYSTEM --add-opens=java.base/java.util=ALL-UNNAMED --add-opens=java.base/java.lang=ALL-UNNAMED --add-opens=java.base/sun.nio.fs=ALL-UNNAMED -Declipse.application=org.eclipse.jdt.ls.core.id1 -Dosgi.bundles.defaultStartLevel=4 -Declipse.product=org.eclipse.jdt.ls.core.product -Djava.import.generatesMetadataFilesAtProjectRoot=false -Dm2e.project.cache.size=50 -DDetectVMInstallationsJob.disabled=true -Dfile.encoding=utf8 -XX:+UseParallelGC -XX:GCTimeRatio=4 -XX:AdaptiveSizePolicyWeight=90 -Dsun.zip.disableMemoryMapping=true -Xmx2G -Xms100m -Xlog:disable -javaagent:c:\Users\USER\.antigravity-ide\extensions\redhat.java-1.56.0-win32-x64\lombok\lombok-1.18.39-4050.jar 
java_command: c:\Users\USER\.antigravity-ide\extensions\redhat.java-1.56.0-win32-x64\server\plugins\org.eclipse.equinox.launcher_1.8.0.v20260804-1928.jar -configuration c:\Users\USER\AppData\Roaming\Antigravity IDE\User\globalStorage\redhat.java\1.56.0\config_ss_win -data c:\Users\USER\AppData\Roaming\Antigravity IDE\User\workspaceStorage\2377131e4495ebcd3a52215fcdae1dd4\redhat.java\ss_ws --pipe=\\.\pipe\lsp-4a151d37bc6492dbce9bba2996ad6087-sock
java_class_path (initial): c:\Users\USER\.antigravity-ide\extensions\redhat.java-1.56.0-win32-x64\server\plugins\org.eclipse.equinox.launcher_1.8.0.v20260804-1928.jar
Launcher Type: SUN_STANDARD

[Global flags]
    uintx AdaptiveSizePolicyWeight                 = 90                                        {product} {command line}
     intx CICompilerCount                          = 12                                        {product} {ergonomic}
    uintx GCTimeRatio                              = 4                                         {product} {command line}
   size_t InitialHeapSize                          = 104857600                                 {product} {command line}
   size_t MaxHeapSize                              = 2147483648                                {product} {command line}
   size_t MaxNewSize                               = 715653120                                 {product} {ergonomic}
   size_t MinHeapDeltaBytes                        = 524288                                    {product} {ergonomic}
   size_t MinHeapSize                              = 104857600                                 {product} {command line}
   size_t NewSize                                  = 34603008                                  {product} {ergonomic}
    uintx NonNMethodCodeHeapSize                   = 7602480                                {pd product} {ergonomic}
    uintx NonProfiledCodeHeapSize                  = 122027880                              {pd product} {ergonomic}
   size_t OldSize                                  = 70254592                                  {product} {ergonomic}
    uintx ProfiledCodeHeapSize                     = 122027880                              {pd product} {ergonomic}
    uintx ReservedCodeCacheSize                    = 251658240                              {pd product} {ergonomic}
     bool SegmentedCodeCache                       = true                                      {product} {ergonomic}
   size_t SoftMaxHeapSize                          = 2147483648                             {manageable} {ergonomic}
     bool UseCompressedOops                        = true                           {product lp64_product} {ergonomic}
     bool UseLargePagesIndividualAllocation        = false                                  {pd product} {ergonomic}
     bool UseParallelGC                            = true                                      {product} {command line}

Logging:
Log output configuration:
 #0: stdout all=off uptime,level,tags foldmultilines=false
 #1: stderr all=off uptime,level,tags foldmultilines=false

Release file:
JAVA_VERSION="21.0.12.1" 
MODULES="java.base java.compiler java.datatransfer java.xml java.prefs java.desktop java.instrument java.logging java.management java.security.sasl java.naming java.rmi java.management.rmi java.net.http java.scripting java.security.jgss java.transaction.xa java.sql java.sql.rowset java.xml.crypto java.se java.smartcardio jdk.accessibility jdk.internal.jvmstat jdk.attach jdk.charsets jdk.internal.opt jdk.zipfs jdk.compiler jdk.crypto.ec jdk.crypto.cryptoki jdk.crypto.mscapi jdk.dynalink jdk.internal.ed jdk.editpad jdk.hotspot.agent jdk.httpserver jdk.internal.le jdk.internal.vm.ci jdk.internal.vm.compiler jdk.internal.vm.compiler.management jdk.jartool jdk.javadoc jdk.jcmd jdk.management jdk.management.agent jdk.jconsole jdk.jdeps jdk.jdwp.agent jdk.jdi jdk.jfr jdk.jshell jdk.jsobject jdk.jstatd jdk.localedata jdk.management.jfr jdk.naming.dns jdk.naming.rmi jdk.net jdk.nio.mapmode jdk.random jdk.sctp jdk.security.auth jdk.security.jgss jdk.unsupported jdk.unsupported.desktop jdk.xml.dom" 

Environment Variables:
JAVA_HOME=C:\Program Files\Java\jdk-25
PATH=C:\app\USER\product\21c\dbhomeXE\bin;C:\Program Files\Common Files\Oracle\Java\javapath;C:\WINDOWS\system32;C:\WINDOWS;C:\WINDOWS\System32\Wbem;C:\WINDOWS\System32\WindowsPowerShell\v1.0\;C:\WINDOWS\System32\OpenSSH\;C:\Program Files\MySQL\MySQL Server 8.0\bin;C:\Program Files\dotnet\;C:\Program Files\Git\cmd;C:\Users\USER\AppData\Local\nvm;C:\nvm4w\nodejs;D:\R-4.5.1\bin;C:\Program Files\Java\jdk-25\bin;C:\Users\USER\Downloads\sqldeveloper-24.3.1.347.1826-x64\sqldeveloper\jdk\jre\bin;C:\Program Files\MySQL\MySQL Server 8.0\bin;C:\Users\USER\AppData\Local\Python\pythoncore-3.14-64\Scripts;C:\Program Files\MySQL\MySQL Shell 8.0\bin\;d:\cursor\resources\app\codeBin;C:\Users\USER\AppData\Local\Microsoft\WindowsApps;C:\Users\USER\AppData\Local\GitHubDesktop\bin;C:\Users\USER\.dotnet\tools;C:\Users\USER\AppData\Local\Programs\Microsoft VS Code\bin;C:\Users\USER\AppData\Roaming\npm;C:\ProgramData\USER\GitHubDesktop\bin;C:\Users\USER\AppData\Local\nvm;C:\nvm4w\nodejs;D:\New folder (2)\Windsurf\bin;C:\Users\USER\AppData\Local\Python\bin;C:\Program Files\JetBrains\IntelliJ IDEA 2025.3.2\bin;D:\Antigravity IDE\bin;C:\src\flutter\bin;
USERNAME=USER
OS=Windows_NT
PROCESSOR_IDENTIFIER=AMD64 Family 25 Model 80 Stepping 0, AuthenticAMD
TMP=C:\Users\USER\AppData\Local\Temp
TEMP=C:\Users\USER\AppData\Local\Temp




Periodic native trim disabled

---------------  S Y S T E M  ---------------

OS:
 Windows 11 , 64 bit Build 26100 (10.0.26100.9444)
OS uptime: 0 days 1:03 hours
Hyper-V role detected

CPU: total 16 (initial active 16) (16 cores per cpu, 2 threads per core) family 25 model 80 stepping 0 microcode 0xa50000f, cx8, cmov, fxsr, ht, mmx, 3dnowpref, sse, sse2, sse3, ssse3, sse4a, sse4.1, sse4.2, popcnt, lzcnt, tsc, tscinvbit, avx, avx2, aes, erms, clmul, bmi1, bmi2, adx, sha, fma, vzeroupper, clflush, clflushopt, hv, rdtscp, rdpid, fsrm, f16c, cet_ss
Processor Information for the first 16 processors :
  Max Mhz: 2000, Current Mhz: 2000, Mhz Limit: 2000

Memory: 4k page, system-wide physical 14173M (1373M free)
TotalPageFile size 22365M (AvailPageFile size 3M)
current process WorkingSet (physical memory assigned to process): 115M, peak: 116M
current process commit charge ("private bytes"): 273M, peak: 274M

vm_info: OpenJDK 64-Bit Server VM (21.0.12.1+1-LTS) for windows-amd64 JRE (21.0.12.1+1-LTS), built on 2026-08-18T00:00:00Z by "admin" with MS VC++ 17.12 (VS2022)

END.
