#
# There is insufficient memory for the Java Runtime Environment to continue.
# Native memory allocation (mmap) failed to map 232783872 bytes. Error detail: G1 virtual space
# Possible reasons:
#   The system is out of physical RAM or swap space
#   This process is running with CompressedOops enabled, and the Java Heap may be blocking the growth of the native heap
# Possible solutions:
#   Reduce memory load on the system
#   Increase physical memory or swap space
#   Check if swap backing store is full
#   Decrease Java heap size (-Xmx/-Xms)
#   Decrease number of Java threads
#   Decrease Java thread stack sizes (-Xss)
#   Set larger code cache with -XX:ReservedCodeCacheSize=
#   JVM is running with Zero Based Compressed Oops mode in which the Java heap is
#     placed in the first 32GB address space. The Java Heap base address is the
#     maximum limit for the native heap growth. Please use -XX:HeapBaseMinAddress
#     to set the Java Heap base and to place the Java Heap above 32GB virtual address.
# This output file may be truncated or incomplete.
#
#  Out of Memory Error (os_windows.cpp:3554), pid=19560, tid=17464
#
# JRE version:  (25.0.1+8) (build )
# Java VM: Java HotSpot(TM) 64-Bit Server VM (25.0.1+8-LTS-27, mixed mode, sharing, tiered, compressed oops, compressed class ptrs, g1 gc, windows-amd64)
# No core dump will be written. Minidumps are not enabled by default on client versions of Windows
#

---------------  S U M M A R Y ------------

Command Line: org.jetbrains.kotlin.cli.jvm.K2JVMCompiler @C:\src\flutter\packages\flutter_tools\gradle\build\20261005_9178666610024849037.compiler.options

Host: AMD Ryzen 7 7730U with Radeon Graphics         , 16 cores, 13G,  Windows 11 , 64 bit Build 26100 (10.0.26100.9444)
Time: Mon Oct  5 11:22:53 2026 Sri Lanka Standard Time elapsed time: 0.013421 seconds (0d 0h 0m 0s)

---------------  T H R E A D  ---------------

Current thread (0x000001caa02433e0):  JavaThread "Unknown thread" [_thread_in_vm, id=17464, stack(0x000000b02ad00000,0x000000b02ae00000) (1024K)]

Stack: [0x000000b02ad00000,0x000000b02ae00000]
Native frames: (J=compiled Java code, j=interpreted, Vv=VM code, C=native code)
V  [jvm.dll+0x7a6b59]  (no source info available)
V  [jvm.dll+0x77290d]  (no source info available)
V  [jvm.dll+0x966153]  (no source info available)
V  [jvm.dll+0x968751]  (no source info available)
V  [jvm.dll+0x968e53]  (no source info available)
V  [jvm.dll+0x2fc756]  (no source info available)
V  [jvm.dll+0x7a2d85]  (no source info available)
V  [jvm.dll+0x796197]  (no source info available)
V  [jvm.dll+0x3f4698]  (no source info available)
V  [jvm.dll+0x3fc5b6]  (no source info available)
V  [jvm.dll+0x3e8c8e]  (no source info available)
V  [jvm.dll+0x3e8f48]  (no source info available)
V  [jvm.dll+0x3c0045]  (no source info available)
V  [jvm.dll+0x3c0cce]  (no source info available)
V  [jvm.dll+0x92c837]  (no source info available)
V  [jvm.dll+0x458bc2]  (no source info available)
V  [jvm.dll+0x9101e2]  (no source info available)
V  [jvm.dll+0x4f9061]  (no source info available)
V  [jvm.dll+0x4fa8f1]  (no source info available)
C  [jli.dll+0x543e]  (no source info available)
C  [ucrtbase.dll+0x2cd30]  (no source info available)
C  [KERNEL32.DLL+0x2cd87]  (no source info available)
C  [ntdll.dll+0xacaec]  (no source info available)

Lock stack of current Java thread (top to bottom):


---------------  P R O C E S S  ---------------

Threads class SMR info:
_java_thread_list=0x00007ffe05ff5308, length=0, elements={
}

Java Threads: ( => current thread )
Total: 0

Other Threads:
  0x000001caa25bf2f0 WorkerThread "GC Thread#0"                     [id=9724, stack(0x000000b02ae00000,0x000000b02af00000) (1024K)]
  0x000001caa25d5000 ConcurrentGCThread "G1 Main Marker"            [id=5560, stack(0x000000b02af00000,0x000000b02b000000) (1024K)]
  0x000001caa25d6a90 WorkerThread "G1 Conc#0"                       [id=17068, stack(0x000000b02b000000,0x000000b02b100000) (1024K)]

[error occurred during error reporting (printing all threads), id 0xc0000005, EXCEPTION_ACCESS_VIOLATION (0xc0000005) at pc=0x00007ffe056d4c2a]
VM state: not at safepoint (not fully initialized)

VM Mutex/Monitor currently owned by a thread:  ([mutex/lock_event])
[0x00007ffe06079668] Heap_lock - owner thread: 0x000001caa02433e0

Heap address: 0x0000000722800000, size: 3544 MB, Compressed Oops mode: Zero based, Oop shift amount: 3

CDS archive(s) mapped at: [0x0000000000000000-0x0000000000000000-0x0000000000000000), size 0, SharedBaseAddress: 0x0000000800000000, ArchiveRelocationMode: 1.
UseCompressedClassPointers 1, UseCompactObjectHeaders 0
Narrow klass pointer bits 32, Max shift 3
Narrow klass base: 0xffffffffffffffff, Narrow klass shift: -1
Encoding Range: [0xffffffffffffffff - 0x000000007fffffff), (2147483648 bytes)
Klass Range:    [0x0000000000000000 - 0x0000000000000000), (0 bytes)
Klass ID Range:  [4294967295 - 0) (1)
No protection zone.

GC Precious Log:
 CardTable entry size: 512
 Card Set container configuration: InlinePtr #cards 4 size 8 Array Of Cards #cards 16 size 48 Howl #buckets 8 coarsen threshold 3686 Howl Bitmap #cards 512 size 80 coarsen threshold 460 Card regions per heap region 1 cards per card region 4096

Heap:
 garbage-first heap   total reserved 3629056K, committed 0K, used 0K [0x0000000722800000, 0x0000000800000000)
  region size 2048K, 0 young (0K), 0 survivors (0K)

Heap Regions: E=young(eden), S=young(survivor), O=old, HS=humongous(starts), HC=humongous(continues), CS=collection set, F=free, TAMS=top-at-mark-start, PB=parsable bottom

Card table byte_map: [0x000001cabad50000,0x000001cabb440000] _byte_map_base: 0x000001cab743c000

Marking Bits: (CMBitMap*) 0x000001caa25bfa80
 Bits: [0x000001cabb440000, 0x000001cabeba0000)

GC Heap Usage History (0 events):
No events

Metaspace Usage History (0 events):
No events

Dll operation events (1 events):
Event: 0.007 Loaded shared library C:\Program Files\Java\jdk-25\bin\java.dll

Deoptimization events (0 events):
No events

Classes loaded (0 events):
No events

Classes unloaded (0 events):
No events

Classes redefined (0 events):
No events

Internal exceptions (0 events):
No events

VM Operations (0 events):
No events

Memory protections (0 events):
No events

Nmethod flushes (0 events):
No events

Events (0 events):
No events


Dynamic libraries:
0x00007ff707710000 - 0x00007ff707720000 	C:\Program Files\Java\jdk-25\bin\java.exe
0x00007ffe31760000 - 0x00007ffe319c7000 	C:\WINDOWS\SYSTEM32\ntdll.dll
0x00007ffe30370000 - 0x00007ffe3043b000 	C:\WINDOWS\System32\KERNEL32.DLL
0x00007ffe2ec30000 - 0x00007ffe2f032000 	C:\WINDOWS\System32\KERNELBASE.dll
0x00007ffe2ead0000 - 0x00007ffe2ec1c000 	C:\WINDOWS\System32\ucrtbase.dll
0x00007ffe293a0000 - 0x00007ffe293b7000 	C:\Program Files\Java\jdk-25\bin\jli.dll
0x00007ffe237b0000 - 0x00007ffe237ce000 	C:\Program Files\Java\jdk-25\bin\VCRUNTIME140.dll
0x00007ffe31420000 - 0x00007ffe315ef000 	C:\WINDOWS\System32\USER32.dll
0x00007ffe18b20000 - 0x00007ffe18db0000 	C:\WINDOWS\WinSxS\amd64_microsoft.windows.common-controls_6595b64144ccf1df_6.0.26100.9278_none_3e0d1ba8e3303201\COMCTL32.dll
0x00007ffe2f040000 - 0x00007ffe2f067000 	C:\WINDOWS\System32\win32u.dll
0x00007ffe2fb50000 - 0x00007ffe2fbf9000 	C:\WINDOWS\System32\msvcrt.dll
0x00007ffe2ff90000 - 0x00007ffe2ffbb000 	C:\WINDOWS\System32\GDI32.dll
0x00007ffe2f070000 - 0x00007ffe2f199000 	C:\WINDOWS\System32\gdi32full.dll
0x00007ffe2e960000 - 0x00007ffe2ea03000 	C:\WINDOWS\System32\msvcp_win.dll
0x00007ffe2f480000 - 0x00007ffe2f4b1000 	C:\WINDOWS\System32\IMM32.DLL
0x00007ffe263c0000 - 0x00007ffe263cc000 	C:\Program Files\Java\jdk-25\bin\vcruntime140_1.dll
0x00007ffdff850000 - 0x00007ffdff8dd000 	C:\Program Files\Java\jdk-25\bin\msvcp140.dll
0x00007ffe05300000 - 0x00007ffe0615f000 	C:\Program Files\Java\jdk-25\bin\server\jvm.dll
0x00007ffe2f5d0000 - 0x00007ffe2f68c000 	C:\WINDOWS\System32\ADVAPI32.dll
0x00007ffe2f6a0000 - 0x00007ffe2f749000 	C:\WINDOWS\System32\sechost.dll
0x00007ffe31600000 - 0x00007ffe31718000 	C:\WINDOWS\System32\RPCRT4.dll
0x00007ffe301f0000 - 0x00007ffe30270000 	C:\WINDOWS\System32\WS2_32.dll
0x00007ffe2e7c0000 - 0x00007ffe2e81e000 	C:\WINDOWS\SYSTEM32\POWRPROF.dll
0x00007ffe2bb50000 - 0x00007ffe2bb5b000 	C:\WINDOWS\SYSTEM32\VERSION.dll
0x00007ffe26c60000 - 0x00007ffe26c96000 	C:\WINDOWS\SYSTEM32\WINMM.dll
0x00007ffe2e7a0000 - 0x00007ffe2e7b5000 	C:\WINDOWS\SYSTEM32\UMPDC.dll
0x00007ffe2d5f0000 - 0x00007ffe2d60b000 	C:\WINDOWS\SYSTEM32\kernel.appcore.dll
0x00007ffe06e00000 - 0x00007ffe06e0a000 	C:\Program Files\Java\jdk-25\bin\jimage.dll
0x00007ffe1f750000 - 0x00007ffe1f99c000 	C:\WINDOWS\SYSTEM32\DBGHELP.DLL
0x00007ffe2fc00000 - 0x00007ffe2ff85000 	C:\WINDOWS\System32\combase.dll
0x00007ffe30290000 - 0x00007ffe30369000 	C:\WINDOWS\System32\OLEAUT32.dll
0x00007ffe12650000 - 0x00007ffe1268b000 	C:\WINDOWS\SYSTEM32\dbgcore.DLL
0x00007ffe2ea10000 - 0x00007ffe2eabc000 	C:\WINDOWS\System32\bcryptPrimitives.dll
0x00007ffe06900000 - 0x00007ffe0691f000 	C:\Program Files\Java\jdk-25\bin\java.dll
0x00007ffe30050000 - 0x00007ffe301ea000 	C:\WINDOWS\System32\ole32.dll
0x00007ffe307f0000 - 0x00007ffe30f88000 	C:\WINDOWS\System32\SHELL32.dll

JVMTI agents: none

dbghelp: loaded successfully - version: 4.0.5 - missing functions: none
symbol engine: initialized successfully - sym options: 0x614 - pdb path: .;C:\Program Files\Java\jdk-25\bin;C:\WINDOWS\SYSTEM32;C:\WINDOWS\WinSxS\amd64_microsoft.windows.common-controls_6595b64144ccf1df_6.0.26100.9278_none_3e0d1ba8e3303201;C:\Program Files\Java\jdk-25\bin\server

VM Arguments:
java_command: org.jetbrains.kotlin.cli.jvm.K2JVMCompiler @C:\src\flutter\packages\flutter_tools\gradle\build\20261005_9178666610024849037.compiler.options
java_class_path (initial): C:\Users\USER\.gradle\caches\modules-2\files-2.1\org.jetbrains.kotlin\kotlin-compiler-embeddable\2.2.21\b13aed5cf8412f9ee9d1e4db21bdcfebcc24f606\kotlin-compiler-embeddable-2.2.21.jar;C:\Users\USER\.gradle\caches\modules-2\files-2.1\org.jetbrains.kotlin\kotlin-stdlib\2.2.21\fa374a986e128314c3db00a20aae55f72a258511\kotlin-stdlib-2.2.21.jar;C:\Users\USER\.gradle\caches\modules-2\files-2.1\org.jetbrains.kotlin\kotlin-script-runtime\2.2.21\e9b021c4e335e4ed7a7e3b32285249ae6bb3a6c8\kotlin-script-runtime-2.2.21.jar;C:\Users\USER\.gradle\caches\modules-2\files-2.1\org.jetbrains.kotlin\kotlin-reflect\1.6.10\1cbe9c92c12a94eea200d23c2bbaedaf3daf5132\kotlin-reflect-1.6.10.jar;C:\Users\USER\.gradle\caches\modules-2\files-2.1\org.jetbrains.kotlin\kotlin-daemon-embeddable\2.2.21\78fde5db1c92786448170b351d8f8868acabd2ce\kotlin-daemon-embeddable-2.2.21.jar;C:\Users\USER\.gradle\caches\modules-2\files-2.1\org.jetbrains.kotlinx\kotlinx-coroutines-core-jvm\1.8.0\ac1dc37a30a93150b704022f8d895ee1bd3a36b3\kotlinx-coroutines-core-jvm-1.8.0.jar;C:\Users\USER\.gradle\caches\modules-2\files-2.1\org.jetbrains\annotations\13.0\919f0dfe192fb4e063e7dacadee7f8bb9a2672a9\annotations-13.0.jar
Launcher Type: SUN_STANDARD

[Global flags]
     intx CICompilerCount                          = 12                                        {product} {ergonomic}
     uint ConcGCThreads                            = 3                                         {product} {ergonomic}
     uint G1ConcRefinementThreads                  = 13                                        {product} {ergonomic}
   size_t G1HeapRegionSize                         = 2097152                                   {product} {ergonomic}
   size_t InitialHeapSize                          = 232783872                                 {product} {ergonomic}
   size_t MarkStackSize                            = 4194304                                   {product} {ergonomic}
   size_t MarkStackSizeMax                         = 536870912                                 {product} {ergonomic}
   size_t MaxHeapSize                              = 3716153344                                {product} {ergonomic}
   size_t MinHeapDeltaBytes                        = 2097152                                   {product} {ergonomic}
   size_t MinHeapSize                              = 8388608                                   {product} {ergonomic}
    uintx NonNMethodCodeHeapSize                   = 7602176                                {pd product} {ergonomic}
    uintx NonProfiledCodeHeapSize                  = 122093568                              {pd product} {ergonomic}
    uintx ProfiledCodeHeapSize                     = 121962496                              {pd product} {ergonomic}
    uintx ReservedCodeCacheSize                    = 251658240                              {pd product} {ergonomic}
     bool SegmentedCodeCache                       = true                                      {product} {ergonomic}
   size_t SoftMaxHeapSize                          = 3716153344                             {manageable} {ergonomic}
     bool UseCompressedOops                        = true                           {product lp64_product} {ergonomic}
     bool UseG1GC                                  = true                                      {product} {ergonomic}
     bool UseLargePagesIndividualAllocation        = false                                  {pd product} {ergonomic}

Logging:
Log output configuration:
 #0: stdout all=warning uptime,level,tags foldmultilines=false
 #1: stderr all=off uptime,level,tags foldmultilines=false

Release file:
<release file has not been read>
Environment Variables:
JAVA_HOME=C:\Program Files\Java\jdk-25
PATH=C:\app\USER\product\21c\dbhomeXE\bin;C:\Program Files\Common Files\Oracle\Java\javapath;C:\WINDOWS\system32;C:\WINDOWS;C:\WINDOWS\System32\Wbem;C:\WINDOWS\System32\WindowsPowerShell\v1.0\;C:\WINDOWS\System32\OpenSSH\;C:\Program Files\MySQL\MySQL Server 8.0\bin;C:\Program Files\dotnet\;C:\Program Files\Git\cmd;C:\Users\USER\AppData\Local\nvm;C:\nvm4w\nodejs;D:\R-4.5.1\bin;C:\Program Files\Java\jdk-25\bin;C:\Users\USER\Downloads\sqldeveloper-24.3.1.347.1826-x64\sqldeveloper\jdk\jre\bin;C:\Program Files\MySQL\MySQL Server 8.0\bin;C:\Users\USER\AppData\Local\Python\pythoncore-3.14-64\Scripts;C:\Program Files\MySQL\MySQL Shell 8.0\bin\;d:\cursor\resources\app\codeBin;C:\Users\USER\AppData\Local\Microsoft\WindowsApps;C:\Users\USER\AppData\Local\GitHubDesktop\bin;C:\Users\USER\.dotnet\tools;C:\Users\USER\AppData\Local\Programs\Microsoft VS Code\bin;C:\Users\USER\AppData\Roaming\npm;C:\ProgramData\USER\GitHubDesktop\bin;C:\Users\USER\AppData\Local\nvm;C:\nvm4w\nodejs;D:\New folder (2)\Windsurf\bin;C:\Users\USER\AppData\Local\Python\bin;C:\Program Files\JetBrains\IntelliJ IDEA 2025.3.2\bin;D:\Antigravity IDE\bin;C:\src\flutter\bin;
USERNAME=USER
OS=Windows_NT
PROCESSOR_IDENTIFIER=AMD64 Family 25 Model 80 Stepping 0, AuthenticAMD
TMP=C:\Users\USER\AppData\Local\Temp
TEMP=C:\Users\USER\AppData\Local\Temp




Compilation memory statistics disabled.

Periodic native trim disabled

---------------  S Y S T E M  ---------------

OS:
 Windows 11 , 64 bit Build 26100 (10.0.26100.9444)
OS uptime: 2 days 23:02 hours
Hyper-V role detected

CPU: total 16 (initial active 16) (16 cores per cpu, 2 threads per core) family 25 model 80 stepping 0 microcode 0xa50000f, cx8, cmov, fxsr, ht, mmx, 3dnowpref, sse, sse2, sse3, ssse3, sse4a, sse4.1, sse4.2, popcnt, lzcnt, tsc, tscinvbit, avx, avx2, aes, erms, clmul, bmi1, bmi2, adx, sha, fma, vzeroupper, clflush, clflushopt, clwb, hv, rdtscp, rdpid, fsrm, f16c, cet_ss
Processor Information for the first 16 processors :
  Max Mhz: 2000, Current Mhz: 2000, Mhz Limit: 2000

Memory: 4k page, system-wide physical 14173M (656M free)
TotalPageFile size 22365M (AvailPageFile size 53M)
current process WorkingSet (physical memory assigned to process): 14M, peak: 14M
current process commit charge ("private bytes"): 71M, peak: 293M

vm_info: Java HotSpot(TM) 64-Bit Server VM (25.0.1+8-LTS-27) for windows-amd64 JRE (25.0.1+8-LTS-27), built on 2025-09-25T16:41:16Z with unknown MS VC++:1943

END.
