#
# There is insufficient memory for the Java Runtime Environment to continue.
# Native memory allocation (mmap) failed to map 232783872 bytes. Error detail: G1 virtual space
# Possible reasons:
#   The system is out of physical RAM or swap space
#   This process is running with CompressedOops enabled, and the Java Heap may be blocking the growth of the native heap
# Possible solutions:
#   Reduce memory load on the system
#   Increase physical memory or swap space
#   Check if swap backing store is full
#   Decrease Java heap size (-Xmx/-Xms)
#   Decrease number of Java threads
#   Decrease Java thread stack sizes (-Xss)
#   Set larger code cache with -XX:ReservedCodeCacheSize=
#   JVM is running with Zero Based Compressed Oops mode in which the Java heap is
#     placed in the first 32GB address space. The Java Heap base address is the
#     maximum limit for the native heap growth. Please use -XX:HeapBaseMinAddress
#     to set the Java Heap base and to place the Java Heap above 32GB virtual address.
# This output file may be truncated or incomplete.
#
#  Out of Memory Error (os_windows.cpp:3554), pid=8864, tid=23200
#
# JRE version:  (25.0.1+8) (build )
# Java VM: Java HotSpot(TM) 64-Bit Server VM (25.0.1+8-LTS-27, mixed mode, sharing, tiered, compressed oops, compressed class ptrs, g1 gc, windows-amd64)
# No core dump will be written. Minidumps are not enabled by default on client versions of Windows
#

---------------  S U M M A R Y ------------

Command Line: -Dorg.gradle.appname=gradlew org.gradle.wrapper.GradleWrapperMain -q -Ptarget-platform=android-arm64 -Ptarget=D:\farmer-buyer-marketplace\lib\main.dart -Pbase-application-name=android.app.Application -Pdart-defines=RkxVVFRFUl9CVUlMRF9OQU1FPTEuMC4w,RkxVVFRFUl9CVUlMRF9OVU1CRVI9MQ==,RkxVVFRFUl9WRVJTSU9OPTMuNDcuNA==,RkxVVFRFUl9DSEFOTkVMPXN0YWJsZQ==,RkxVVFRFUl9HSVRfVVJMPWh0dHBzOi8vZ2l0aHViLmNvbS9mbHV0dGVyL2ZsdXR0ZXIuZ2l0,RkxVVFRFUl9GUkFNRVdPUktfUkVWSVNJT049OTU4NGM2NzEzYg==,RkxVVFRFUl9FTkdJTkVfUkVWSVNJT049MDZhMmUyYTExMA==,RkxVVFRFUl9EQVJUX1ZFUlNJT049My4xMy4z -Pdart-obfuscation=false -Ptrack-widget-creation=true -Ptree-shake-icons=false -Pfilesystem-scheme=org-dartlang-root -Pflutter.androidSdkRoot=C:\Users\USER\AppData\Local\Android\sdk -Pflutter.installedNdkVersions=28.2.13676358 -Pflutter.sdkManagerPath=C:\Users\USER\AppData\Local\Android\sdk\cmdline-tools\latest\bin\sdkmanager.bat assembleDebug

Host: AMD Ryzen 7 7730U with Radeon Graphics         , 16 cores, 13G,  Windows 11 , 64 bit Build 26100 (10.0.26100.9444)
Time: Tue Oct  6 11:57:35 2026 Sri Lanka Standard Time elapsed time: 0.023895 seconds (0d 0h 0m 0s)

---------------  T H R E A D  ---------------

Current thread (0x00000278f6ea60c0):  JavaThread "Unknown thread" [_thread_in_vm, id=23200, stack(0x000000b3bcd00000,0x000000b3bce00000) (1024K)]

Stack: [0x000000b3bcd00000,0x000000b3bce00000]
Native frames: (J=compiled Java code, j=interpreted, Vv=VM code, C=native code)
V  [jvm.dll+0x7a6b59]  (no source info available)
V  [jvm.dll+0x77290d]  (no source info available)
V  [jvm.dll+0x966153]  (no source info available)
V  [jvm.dll+0x968751]  (no source info available)
V  [jvm.dll+0x968e53]  (no source info available)
V  [jvm.dll+0x2fc756]  (no source info available)
V  [jvm.dll+0x7a2d85]  (no source info available)
V  [jvm.dll+0x796197]  (no source info available)
V  [jvm.dll+0x3f4698]  (no source info available)
V  [jvm.dll+0x3fc5b6]  (no source info available)
V  [jvm.dll+0x3e8c8e]  (no source info available)
V  [jvm.dll+0x3e8f48]  (no source info available)
V  [jvm.dll+0x3c0045]  (no source info available)
V  [jvm.dll+0x3c0cce]  (no source info available)
V  [jvm.dll+0x92c837]  (no source info available)
V  [jvm.dll+0x458bc2]  (no source info available)
V  [jvm.dll+0x9101e2]  (no source info available)
V  [jvm.dll+0x4f9061]  (no source info available)
V  [jvm.dll+0x4fa8f1]  (no source info available)
C  [jli.dll+0x543e]  (no source info available)
C  [ucrtbase.dll+0x2cd30]  (no source info available)
C  [KERNEL32.DLL+0x2cd87]  (no source info available)
C  [ntdll.dll+0xacaec]  (no source info available)

Lock stack of current Java thread (top to bottom):


---------------  P R O C E S S  ---------------

Threads class SMR info:
_java_thread_list=0x00007ff8fa845308, length=0, elements={
}

Java Threads: ( => current thread )
Total: 0

Other Threads:
  0x00000278f92b5a60 WorkerThread "GC Thread#0"                     [id=11248, stack(0x000000b3bce00000,0x000000b3bcf00000) (1024K)]
  0x00000278f92cb610 ConcurrentGCThread "G1 Main Marker"            [id=6268, stack(0x000000b3bcf00000,0x000000b3bd000000) (1024K)]
  0x00000278f92cce00 WorkerThread "G1 Conc#0"                       [id=23244, stack(0x000000b3bd000000,0x000000b3bd100000) (1024K)]

[error occurred during error reporting (printing all threads), id 0xc0000005, EXCEPTION_ACCESS_VIOLATION (0xc0000005) at pc=0x00007ff8f9f24c2a]
VM state: not at safepoint (not fully initialized)

VM Mutex/Monitor currently owned by a thread:  ([mutex/lock_event])
[0x00007ff8fa8c9668] Heap_lock - owner thread: 0x00000278f6ea60c0

Heap address: 0x0000000722800000, size: 3544 MB, Compressed Oops mode: Zero based, Oop shift amount: 3

CDS archive(s) mapped at: [0x0000000000000000-0x0000000000000000-0x0000000000000000), size 0, SharedBaseAddress: 0x0000000800000000, ArchiveRelocationMode: 1.
UseCompressedClassPointers 1, UseCompactObjectHeaders 0
Narrow klass pointer bits 32, Max shift 3
Narrow klass base: 0xffffffffffffffff, Narrow klass shift: -1
Encoding Range: [0xffffffffffffffff - 0x000000007fffffff), (2147483648 bytes)
Klass Range:    [0x0000000000000000 - 0x0000000000000000), (0 bytes)
Klass ID Range:  [4294967295 - 0) (1)
No protection zone.

GC Precious Log:
 CardTable entry size: 512
 Card Set container configuration: InlinePtr #cards 4 size 8 Array Of Cards #cards 16 size 48 Howl #buckets 8 coarsen threshold 3686 Howl Bitmap #cards 512 size 80 coarsen threshold 460 Card regions per heap region 1 cards per card region 4096

Heap:
 garbage-first heap   total reserved 3629056K, committed 0K, used 0K [0x0000000722800000, 0x0000000800000000)
  region size 2048K, 0 young (0K), 0 survivors (0K)

Heap Regions: E=young(eden), S=young(survivor), O=old, HS=humongous(starts), HC=humongous(continues), CS=collection set, F=free, TAMS=top-at-mark-start, PB=parsable bottom

Card table byte_map: [0x00000278fa280000,0x00000278fa970000] _byte_map_base: 0x00000278f696c000

Marking Bits: (CMBitMap*) 0x00000278f92b5ff0
 Bits: [0x00000278fa970000, 0x00000278fe0d0000)

GC Heap Usage History (0 events):
No events

Metaspace Usage History (0 events):
No events

Dll operation events (1 events):
Event: 0.009 Loaded shared library C:\Program Files\Java\jdk-25\bin\java.dll

Deoptimization events (0 events):
No events

Classes loaded (0 events):
No events

Classes unloaded (0 events):
No events

Classes redefined (0 events):
No events

Internal exceptions (0 events):
No events

VM Operations (0 events):
No events

Memory protections (0 events):
No events

Nmethod flushes (0 events):
No events

Events (0 events):
No events


Dynamic libraries:
0x00007ff7cf0b0000 - 0x00007ff7cf0c0000 	C:\Program Files\Java\jdk-25\bin\java.exe
0x00007ff923c00000 - 0x00007ff923e67000 	C:\WINDOWS\SYSTEM32\ntdll.dll
0x00007ff922150000 - 0x00007ff92221b000 	C:\WINDOWS\System32\KERNEL32.DLL
0x00007ff921460000 - 0x00007ff921862000 	C:\WINDOWS\System32\KERNELBASE.dll
0x00007ff921110000 - 0x00007ff92125c000 	C:\WINDOWS\System32\ucrtbase.dll
0x00007ff90a670000 - 0x00007ff90a687000 	C:\Program Files\Java\jdk-25\bin\jli.dll
0x00007ff90a650000 - 0x00007ff90a66e000 	C:\Program Files\Java\jdk-25\bin\VCRUNTIME140.dll
0x00007ff922510000 - 0x00007ff9226df000 	C:\WINDOWS\System32\USER32.dll
0x00007ff90b980000 - 0x00007ff90bc10000 	C:\WINDOWS\WinSxS\amd64_microsoft.windows.common-controls_6595b64144ccf1df_6.0.26100.9278_none_3e0d1ba8e3303201\COMCTL32.dll
0x00007ff921050000 - 0x00007ff921077000 	C:\WINDOWS\System32\win32u.dll
0x00007ff922c30000 - 0x00007ff922c5b000 	C:\WINDOWS\System32\GDI32.dll
0x00007ff923a30000 - 0x00007ff923ad9000 	C:\WINDOWS\System32\msvcrt.dll
0x00007ff921270000 - 0x00007ff921399000 	C:\WINDOWS\System32\gdi32full.dll
0x00007ff921870000 - 0x00007ff921913000 	C:\WINDOWS\System32\msvcp_win.dll
0x00007ff922970000 - 0x00007ff9229a1000 	C:\WINDOWS\System32\IMM32.DLL
0x00007ff91daf0000 - 0x00007ff91dafc000 	C:\Program Files\Java\jdk-25\bin\vcruntime140_1.dll
0x00007ff909420000 - 0x00007ff9094ad000 	C:\Program Files\Java\jdk-25\bin\msvcp140.dll
0x00007ff8f9b50000 - 0x00007ff8fa9af000 	C:\Program Files\Java\jdk-25\bin\server\jvm.dll
0x00007ff922b60000 - 0x00007ff922c1c000 	C:\WINDOWS\System32\ADVAPI32.dll
0x00007ff9229b0000 - 0x00007ff922a59000 	C:\WINDOWS\System32\sechost.dll
0x00007ff9223f0000 - 0x00007ff922508000 	C:\WINDOWS\System32\RPCRT4.dll
0x00007ff921920000 - 0x00007ff9219a0000 	C:\WINDOWS\System32\WS2_32.dll
0x00007ff920c60000 - 0x00007ff920cbe000 	C:\WINDOWS\SYSTEM32\POWRPROF.dll
0x00007ff9188d0000 - 0x00007ff918906000 	C:\WINDOWS\SYSTEM32\WINMM.dll
0x00007ff918910000 - 0x00007ff91891b000 	C:\WINDOWS\SYSTEM32\VERSION.dll
0x00007ff920c40000 - 0x00007ff920c55000 	C:\WINDOWS\SYSTEM32\UMPDC.dll
0x00007ff91fa90000 - 0x00007ff91faab000 	C:\WINDOWS\SYSTEM32\kernel.appcore.dll
0x00007ff8f9870000 - 0x00007ff8f987a000 	C:\Program Files\Java\jdk-25\bin\jimage.dll
0x00007ff9123c0000 - 0x00007ff91260c000 	C:\WINDOWS\SYSTEM32\DBGHELP.DLL
0x00007ff923620000 - 0x00007ff9239a5000 	C:\WINDOWS\System32\combase.dll
0x00007ff923170000 - 0x00007ff923249000 	C:\WINDOWS\System32\OLEAUT32.dll
0x00007ff905160000 - 0x00007ff90519b000 	C:\WINDOWS\SYSTEM32\dbgcore.DLL
0x00007ff9213a0000 - 0x00007ff92144c000 	C:\WINDOWS\System32\bcryptPrimitives.dll
0x00007ff8f8160000 - 0x00007ff8f817f000 	C:\Program Files\Java\jdk-25\bin\java.dll
0x00007ff922220000 - 0x00007ff9223ba000 	C:\WINDOWS\System32\ole32.dll
0x00007ff9219b0000 - 0x00007ff922148000 	C:\WINDOWS\System32\SHELL32.dll

JVMTI agents: none

dbghelp: loaded successfully - version: 4.0.5 - missing functions: none
symbol engine: initialized successfully - sym options: 0x614 - pdb path: .;C:\Program Files\Java\jdk-25\bin;C:\WINDOWS\SYSTEM32;C:\WINDOWS\WinSxS\amd64_microsoft.windows.common-controls_6595b64144ccf1df_6.0.26100.9278_none_3e0d1ba8e3303201;C:\Program Files\Java\jdk-25\bin\server

VM Arguments:
jvm_args: -Dorg.gradle.appname=gradlew 
java_command: org.gradle.wrapper.GradleWrapperMain -q -Ptarget-platform=android-arm64 -Ptarget=D:\farmer-buyer-marketplace\lib\main.dart -Pbase-application-name=android.app.Application -Pdart-defines=RkxVVFRFUl9CVUlMRF9OQU1FPTEuMC4w,RkxVVFRFUl9CVUlMRF9OVU1CRVI9MQ==,RkxVVFRFUl9WRVJTSU9OPTMuNDcuNA==,RkxVVFRFUl9DSEFOTkVMPXN0YWJsZQ==,RkxVVFRFUl9HSVRfVVJMPWh0dHBzOi8vZ2l0aHViLmNvbS9mbHV0dGVyL2ZsdXR0ZXIuZ2l0,RkxVVFRFUl9GUkFNRVdPUktfUkVWSVNJT049OTU4NGM2NzEzYg==,RkxVVFRFUl9FTkdJTkVfUkVWSVNJT049MDZhMmUyYTExMA==,RkxVVFRFUl9EQVJUX1ZFUlNJT049My4xMy4z -Pdart-obfuscation=false -Ptrack-widget-creation=true -Ptree-shake-icons=false -Pfilesystem-scheme=org-dartlang-root -Pflutter.androidSdkRoot=C:\Users\USER\AppData\Local\Android\sdk -Pflutter.installedNdkVersions=28.2.13676358 -Pflutter.sdkManagerPath=C:\Users\USER\AppData\Local\Android\sdk\cmdline-tools\latest\bin\sdkmanager.bat assembleDebug
java_class_path (initial): D:\farmer-buyer-marketplace\android\\gradle\wrapper\gradle-wrapper.jar
Launcher Type: SUN_STANDARD

[Global flags]
     intx CICompilerCount                          = 12                                        {product} {ergonomic}
     uint ConcGCThreads                            = 3                                         {product} {ergonomic}
     uint G1ConcRefinementThreads                  = 13                                        {product} {ergonomic}
   size_t G1HeapRegionSize                         = 2097152                                   {product} {ergonomic}
   size_t InitialHeapSize                          = 232783872                                 {product} {ergonomic}
   size_t MarkStackSize                            = 4194304                                   {product} {ergonomic}
   size_t MarkStackSizeMax                         = 536870912                                 {product} {ergonomic}
   size_t MaxHeapSize                              = 3716153344                                {product} {ergonomic}
   size_t MinHeapDeltaBytes                        = 2097152                                   {product} {ergonomic}
   size_t MinHeapSize                              = 8388608                                   {product} {ergonomic}
    uintx NonNMethodCodeHeapSize                   = 7602176                                {pd product} {ergonomic}
    uintx NonProfiledCodeHeapSize                  = 122093568                              {pd product} {ergonomic}
    uintx ProfiledCodeHeapSize                     = 121962496                              {pd product} {ergonomic}
    uintx ReservedCodeCacheSize                    = 251658240                              {pd product} {ergonomic}
     bool SegmentedCodeCache                       = true                                      {product} {ergonomic}
   size_t SoftMaxHeapSize                          = 3716153344                             {manageable} {ergonomic}
     bool UseCompressedOops                        = true                           {product lp64_product} {ergonomic}
     bool UseG1GC                                  = true                                      {product} {ergonomic}
     bool UseLargePagesIndividualAllocation        = false                                  {pd product} {ergonomic}

Logging:
Log output configuration:
 #0: stdout all=warning uptime,level,tags foldmultilines=false
 #1: stderr all=off uptime,level,tags foldmultilines=false

Release file:
<release file has not been read>
Environment Variables:
JAVA_HOME=C:\Program Files\Java\jdk-25
CLASSPATH=D:\farmer-buyer-marketplace\android\\gradle\wrapper\gradle-wrapper.jar
PATH=C:\Program Files\Java\jdk-25\bin;C:\app\USER\product\21c\dbhomeXE\bin;C:\Program Files\Common Files\Oracle\Java\javapath;C:\WINDOWS\system32;C:\WINDOWS;C:\WINDOWS\System32\Wbem;C:\WINDOWS\System32\WindowsPowerShell\v1.0\;C:\WINDOWS\System32\OpenSSH\;C:\Program Files\MySQL\MySQL Server 8.0\bin;C:\Program Files\dotnet\;C:\Program Files\Git\cmd;C:\Users\USER\AppData\Local\nvm;C:\nvm4w\nodejs;D:\R-4.5.1\bin;C:\Program Files\Java\jdk-25\bin;C:\Users\USER\Downloads\sqldeveloper-24.3.1.347.1826-x64\sqldeveloper\jdk\jre\bin;C:\Program Files\MySQL\MySQL Server 8.0\bin;C:\Users\USER\AppData\Local\Python\pythoncore-3.14-64\Scripts;C:\Program Files\MySQL\MySQL Shell 8.0\bin\;d:\cursor\resources\app\codeBin;C:\Users\USER\AppData\Local\Microsoft\WindowsApps;C:\Users\USER\AppData\Local\GitHubDesktop\bin;C:\Users\USER\.dotnet\tools;C:\Users\USER\AppData\Local\Programs\Microsoft VS Code\bin;C:\Users\USER\AppData\Roaming\npm;C:\ProgramData\USER\GitHubDesktop\bin;C:\Users\USER\AppData\Local\nvm;C:\nvm4w\nodejs;D:\New folder (2)\Windsurf\bin;C:\Users\USER\AppData\Local\Python\bin;C:\Program Files\JetBrains\IntelliJ IDEA 2025.3.2\bin;D:\Antigravity IDE\bin;C:\src\flutter\bin;;C:\src\flutter\bin\mingit\cmd
USERNAME=USER
LANG=en_US.UTF-8
OS=Windows_NT
PROCESSOR_IDENTIFIER=AMD64 Family 25 Model 80 Stepping 0, AuthenticAMD
TMP=C:\Users\USER\AppData\Local\Temp
TEMP=C:\Users\USER\AppData\Local\Temp




Compilation memory statistics disabled.

Periodic native trim disabled

---------------  S Y S T E M  ---------------

OS:
 Windows 11 , 64 bit Build 26100 (10.0.26100.9444)
OS uptime: 0 days 1:02 hours
Hyper-V role detected

CPU: total 16 (initial active 16) (16 cores per cpu, 2 threads per core) family 25 model 80 stepping 0 microcode 0xa50000f, cx8, cmov, fxsr, ht, mmx, 3dnowpref, sse, sse2, sse3, ssse3, sse4a, sse4.1, sse4.2, popcnt, lzcnt, tsc, tscinvbit, avx, avx2, aes, erms, clmul, bmi1, bmi2, adx, sha, fma, vzeroupper, clflush, clflushopt, clwb, hv, rdtscp, rdpid, fsrm, f16c, cet_ss
Processor Information for the first 16 processors :
  Max Mhz: 2000, Current Mhz: 2000, Mhz Limit: 2000

Memory: 4k page, system-wide physical 14173M (450M free)
TotalPageFile size 22365M (AvailPageFile size 4M)
current process WorkingSet (physical memory assigned to process): 14M, peak: 14M
current process commit charge ("private bytes"): 71M, peak: 293M

vm_info: Java HotSpot(TM) 64-Bit Server VM (25.0.1+8-LTS-27) for windows-amd64 JRE (25.0.1+8-LTS-27), built on 2025-09-25T16:41:16Z with unknown MS VC++:1943

END.
