#
# There is insufficient memory for the Java Runtime Environment to continue.
# Native memory allocation (malloc) failed to allocate 32752 bytes. Error detail: Chunk::new
# Possible reasons:
#   The system is out of physical RAM or swap space
#   This process is running with CompressedOops enabled, and the Java Heap may be blocking the growth of the native heap
# Possible solutions:
#   Reduce memory load on the system
#   Increase physical memory or swap space
#   Check if swap backing store is full
#   Decrease Java heap size (-Xmx/-Xms)
#   Decrease number of Java threads
#   Decrease Java thread stack sizes (-Xss)
#   Set larger code cache with -XX:ReservedCodeCacheSize=
#   JVM is running with Zero Based Compressed Oops mode in which the Java heap is
#     placed in the first 32GB address space. The Java Heap base address is the
#     maximum limit for the native heap growth. Please use -XX:HeapBaseMinAddress
#     to set the Java Heap base and to place the Java Heap above 32GB virtual address.
# This output file may be truncated or incomplete.
#
#  Out of Memory Error (arena.cpp:186), pid=6496, tid=10312
#
# JRE version: OpenJDK Runtime Environment (25.0.3) (build 25.0.3+-15898627-b508.16)
# Java VM: OpenJDK 64-Bit Server VM (25.0.3+-15898627-b508.16, mixed mode, tiered, compressed oops, compressed class ptrs, g1 gc, windows-amd64)
# No core dump will be written. Minidumps are not enabled by default on client versions of Windows
#

---------------  S U M M A R Y ------------

Command Line: -Dorg.gradle.appname=gradlew org.gradle.wrapper.GradleWrapperMain -q -Ptarget-platform=android-arm64 -Ptarget=D:\farmer-buyer-marketplace\lib\main.dart -Pbase-application-name=android.app.Application -Pdart-defines=RkxVVFRFUl9CVUlMRF9OQU1FPTEuMC4w,RkxVVFRFUl9CVUlMRF9OVU1CRVI9MQ==,RkxVVFRFUl9WRVJTSU9OPTMuNDcuNA==,RkxVVFRFUl9DSEFOTkVMPXN0YWJsZQ==,RkxVVFRFUl9HSVRfVVJMPWh0dHBzOi8vZ2l0aHViLmNvbS9mbHV0dGVyL2ZsdXR0ZXIuZ2l0,RkxVVFRFUl9GUkFNRVdPUktfUkVWSVNJT049OTU4NGM2NzEzYg==,RkxVVFRFUl9FTkdJTkVfUkVWSVNJT049MDZhMmUyYTExMA==,RkxVVFRFUl9EQVJUX1ZFUlNJT049My4xMy4z -Pdart-obfuscation=false -Ptrack-widget-creation=true -Ptree-shake-icons=false -Pfilesystem-scheme=org-dartlang-root -Pflutter.androidSdkRoot=C:\Users\USER\AppData\Local\Android\sdk -Pflutter.installedNdkVersions=28.2.13676358 -Pflutter.sdkManagerPath=C:\Users\USER\AppData\Local\Android\sdk\cmdline-tools\latest\bin\sdkmanager.bat assembleDebug

Host: AMD Ryzen 7 7730U with Radeon Graphics         , 16 cores, 13G,  Windows 11 , 64 bit Build 26100 (10.0.26100.9444)
Time: Tue Oct  6 11:44:44 2026 Sri Lanka Standard Time elapsed time: 22.974405 seconds (0d 0h 0m 22s)

---------------  T H R E A D  ---------------

Current thread (0x000001809eb1b560):  JavaThread "C1 CompilerThread0" daemon [_thread_in_native, id=10312, stack(0x0000000785d00000,0x0000000785e00000) (1024K)]


Current CompileTask:
C1:22974 2463       3       com.esotericsoftware.kryo.io.Input::readUtf8 (90 bytes)

Stack: [0x0000000785d00000,0x0000000785e00000]
Native frames: (J=compiled Java code, j=interpreted, Vv=VM code, C=native code)
V  [jvm.dll+0x7bf039]  (no source info available)
V  [jvm.dll+0x78912d]  (no source info available)
V  [jvm.dll+0xa0e615]  (no source info available)
V  [jvm.dll+0xa10c94]  (no source info available)
V  [jvm.dll+0xa11393]  (no source info available)
V  [jvm.dll+0x30a116]  (no source info available)
V  [jvm.dll+0x10eda9]  (no source info available)
V  [jvm.dll+0x10f0d2]  (no source info available)
V  [jvm.dll+0x20ced7]  (no source info available)
V  [jvm.dll+0x20ef54]  (no source info available)
V  [jvm.dll+0x1c83f7]  (no source info available)
V  [jvm.dll+0x1c7c3e]  (no source info available)
V  [jvm.dll+0x1c7efb]  (no source info available)
V  [jvm.dll+0x1c71a6]  (no source info available)
V  [jvm.dll+0x1c9041]  (no source info available)
V  [jvm.dll+0x2dd025]  (no source info available)
V  [jvm.dll+0x2db226]  (no source info available)
V  [jvm.dll+0x49c12e]  (no source info available)
V  [jvm.dll+0x9ad738]  (no source info available)
V  [jvm.dll+0x7bd585]  (no source info available)
C  [ucrtbase.dll+0x2cd30]  (no source info available)
C  [KERNEL32.DLL+0x2cd87]  (no source info available)
C  [ntdll.dll+0xacaec]  (no source info available)

Lock stack of current Java thread (top to bottom):


---------------  P R O C E S S  ---------------

Threads class SMR info:
_java_thread_list=0x00000180a31dc960, length=14, elements={
0x0000018082852df0, 0x000001809eae98f0, 0x000001809eaead40, 0x00000180a3012c00,
0x00000180a3014640, 0x000001809eafd540, 0x000001809eb01c90, 0x000001809eb039d0,
0x000001809eb0c920, 0x000001809eb1b560, 0x00000180a31915b0, 0x00000180a4706ce0,
0x00000180a4ba4fe0, 0x00000180a4ba3fc0
}

Java Threads: ( => current thread )
  0x0000018082852df0 JavaThread "main"                              [_thread_in_native, id=21776, stack(0x0000000784d00000,0x0000000784e00000) (1024K)]
  0x000001809eae98f0 JavaThread "Common-Cleaner"             daemon [_thread_blocked, id=1956, stack(0x0000000785500000,0x0000000785600000) (1024K)]
  0x000001809eaead40 JavaThread "Reference Handler"          daemon [_thread_blocked, id=21068, stack(0x0000000785600000,0x0000000785700000) (1024K)]
  0x00000180a3012c00 JavaThread "Finalizer"                  daemon [_thread_blocked, id=12456, stack(0x0000000785700000,0x0000000785800000) (1024K)]
  0x00000180a3014640 JavaThread "Signal Dispatcher"          daemon [_thread_blocked, id=14612, stack(0x0000000785800000,0x0000000785900000) (1024K)]
  0x000001809eafd540 JavaThread "Attach Listener"            daemon [_thread_blocked, id=10960, stack(0x0000000785900000,0x0000000785a00000) (1024K)]
  0x000001809eb01c90 JavaThread "Service Thread"             daemon [_thread_blocked, id=18796, stack(0x0000000785a00000,0x0000000785b00000) (1024K)]
  0x000001809eb039d0 JavaThread "Monitor Deflation Thread"   daemon [_thread_blocked, id=20908, stack(0x0000000785b00000,0x0000000785c00000) (1024K)]
  0x000001809eb0c920 JavaThread "C2 CompilerThread0"         daemon [_thread_blocked, id=2980, stack(0x0000000785c00000,0x0000000785d00000) (1024K)]
=>0x000001809eb1b560 JavaThread "C1 CompilerThread0"         daemon [_thread_in_native, id=10312, stack(0x0000000785d00000,0x0000000785e00000) (1024K)]
  0x00000180a31915b0 JavaThread "Notification Thread"        daemon [_thread_blocked, id=4948, stack(0x0000000785f00000,0x0000000786000000) (1024K)]
  0x00000180a4706ce0 JavaThread "pool-1-thread-1"                   [_thread_blocked, id=6072, stack(0x0000000786900000,0x0000000786a00000) (1024K)]
  0x00000180a4ba4fe0 JavaThread "C1 CompilerThread1"         daemon [_thread_blocked, id=15952, stack(0x0000000785e00000,0x0000000785f00000) (1024K)]
  0x00000180a4ba3fc0 JavaThread "C1 CompilerThread2"         daemon [_thread_in_native, id=10768, stack(0x0000000786100000,0x0000000786200000) (1024K)]
Total: 14

Other Threads:
  0x000001809eabdd20 VMThread "VM Thread"                           [id=12596, stack(0x0000000785400000,0x0000000785500000) (1024K)]
  0x000001809ea7aa80 WatcherThread "VM Periodic Task Thread"        [id=9696, stack(0x0000000785300000,0x0000000785400000) (1024K)]
  0x0000018082d86fc0 WorkerThread "GC Thread#0"                     [id=464, stack(0x0000000784e00000,0x0000000784f00000) (1024K)]
  0x00000180a3f49ae0 WorkerThread "GC Thread#1"                     [id=2120, stack(0x0000000786300000,0x0000000786400000) (1024K)]
  0x00000180a39d7f10 WorkerThread "GC Thread#2"                     [id=19980, stack(0x0000000786400000,0x0000000786500000) (1024K)]
  0x00000180a39d8340 WorkerThread "GC Thread#3"                     [id=13576, stack(0x0000000786500000,0x0000000786600000) (1024K)]
  0x00000180a3f76250 WorkerThread "GC Thread#4"                     [id=8508, stack(0x0000000786600000,0x0000000786700000) (1024K)]
  0x0000018082d9dbb0 ConcurrentGCThread "G1 Main Marker"            [id=19472, stack(0x0000000784f00000,0x0000000785000000) (1024K)]
  0x0000018082d9f700 WorkerThread "G1 Conc#0"                       [id=9960, stack(0x0000000785000000,0x0000000785100000) (1024K)]
  0x000001809e94ddc0 ConcurrentGCThread "G1 Refine#0"               [id=10864, stack(0x0000000785100000,0x0000000785200000) (1024K)]
  0x000001809e94e7d0 ConcurrentGCThread "G1 Service"                [id=20328, stack(0x0000000785200000,0x0000000785300000) (1024K)]
Total: 11

Threads with active compile tasks:
C1 CompilerThread0  23084 2463       3       com.esotericsoftware.kryo.io.Input::readUtf8 (90 bytes)
C1 CompilerThread2  23084 2468       3       org.gradle.internal.logging.text.AbstractLineChoppingStyledTextOutput$1::execute (140 bytes)
Total: 2

VM state: not at safepoint (normal execution)

VM Mutex/Monitor currently owned by a thread: None

Heap address: 0x00000003d1400000, size: 3544 MB, Compressed Oops mode: Zero based, Oop shift amount: 3

CDS archive(s) not mapped
Compressed class space mapped at: 0x00000000b1000000-0x00000000f1000000, reserved size: 1073741824
UseCompressedClassPointers 1, UseCompactObjectHeaders 0
Narrow klass pointer bits 32, Max shift 3
Narrow klass base: 0x0000000000000000, Narrow klass shift: 0
Encoding Range: [0x0000000000000000 - 0x0000000100000000), (4294967296 bytes)
Klass Range:    [0x00000000b1000000 - 0x00000000f1000000), (1073741824 bytes)
Klass ID Range:  [2969567232 - 4043309049) (1073741817)
No protection zone.

GC Precious Log:
 CardTable entry size: 512
 Card Set container configuration: InlinePtr #cards 4 size 8 Array Of Cards #cards 16 size 48 Howl #buckets 8 coarsen threshold 3686 Howl Bitmap #cards 512 size 80 coarsen threshold 460 Card regions per heap region 1 cards per card region 4096
 CPUs: 16 total, 16 available
 Memory: 14173M
 Large Page Support: Disabled
 NUMA Support: Disabled
 Compressed Oops: Enabled (Zero based)
 Heap Region Size: 2M
 Heap Min Capacity: 8M
 Heap Initial Capacity: 222M
 Heap Max Capacity: 3544M
 Pre-touch: Disabled
 Parallel Workers: 13
 Concurrent Workers: 3
 Concurrent Refinement Workers: 13
 Periodic GC: Disabled

Heap:
 garbage-first heap   total reserved 3629056K, committed 227328K, used 78115K [0x00000003d1400000, 0x00000004aec00000)
  region size 2048K, 37 young (75776K), 3 survivors (6144K)

Heap Regions: E=young(eden), S=young(survivor), O=old, HS=humongous(starts), HC=humongous(continues), CS=collection set, F=free, TAMS=top-at-mark-start, PB=parsable bottom
|   0|0x00000003d1400000, 0x00000003d1600000, 0x00000003d1600000|100%|HS|  |TAMS 0x00000003d1400000| PB 0x00000003d1400000| Complete |  0
|   1|0x00000003d1600000, 0x00000003d1800000, 0x00000003d1800000|100%|HC|  |TAMS 0x00000003d1600000| PB 0x00000003d1600000| Complete |  0
|   2|0x00000003d1800000, 0x00000003d1848ca0, 0x00000003d1a00000| 14%| O|  |TAMS 0x00000003d1800000| PB 0x00000003d1800000| Untracked |  0
|   3|0x00000003d1a00000, 0x00000003d1a00000, 0x00000003d1c00000|  0%| F|  |TAMS 0x00000003d1a00000| PB 0x00000003d1a00000| Untracked |  0
|   4|0x00000003d1c00000, 0x00000003d1c00000, 0x00000003d1e00000|  0%| F|  |TAMS 0x00000003d1c00000| PB 0x00000003d1c00000| Untracked |  0
|   5|0x00000003d1e00000, 0x00000003d1e00000, 0x00000003d2000000|  0%| F|  |TAMS 0x00000003d1e00000| PB 0x00000003d1e00000| Untracked |  0
|   6|0x00000003d2000000, 0x00000003d2000000, 0x00000003d2200000|  0%| F|  |TAMS 0x00000003d2000000| PB 0x00000003d2000000| Untracked |  0
|   7|0x00000003d2200000, 0x00000003d2200000, 0x00000003d2400000|  0%| F|  |TAMS 0x00000003d2200000| PB 0x00000003d2200000| Untracked |  0
|   8|0x00000003d2400000, 0x00000003d2400000, 0x00000003d2600000|  0%| F|  |TAMS 0x00000003d2400000| PB 0x00000003d2400000| Untracked |  0
|   9|0x00000003d2600000, 0x00000003d2600000, 0x00000003d2800000|  0%| F|  |TAMS 0x00000003d2600000| PB 0x00000003d2600000| Untracked |  0
|  10|0x00000003d2800000, 0x00000003d2800000, 0x00000003d2a00000|  0%| F|  |TAMS 0x00000003d2800000| PB 0x00000003d2800000| Untracked |  0
|  11|0x00000003d2a00000, 0x00000003d2a00000, 0x00000003d2c00000|  0%| F|  |TAMS 0x00000003d2a00000| PB 0x00000003d2a00000| Untracked |  0
|  12|0x00000003d2c00000, 0x00000003d2c00000, 0x00000003d2e00000|  0%| F|  |TAMS 0x00000003d2c00000| PB 0x00000003d2c00000| Untracked |  0
|  13|0x00000003d2e00000, 0x00000003d2e00000, 0x00000003d3000000|  0%| F|  |TAMS 0x00000003d2e00000| PB 0x00000003d2e00000| Untracked |  0
|  14|0x00000003d3000000, 0x00000003d3000000, 0x00000003d3200000|  0%| F|  |TAMS 0x00000003d3000000| PB 0x00000003d3000000| Untracked |  0
|  15|0x00000003d3200000, 0x00000003d3200000, 0x00000003d3400000|  0%| F|  |TAMS 0x00000003d3200000| PB 0x00000003d3200000| Untracked |  0
|  16|0x00000003d3400000, 0x00000003d3400000, 0x00000003d3600000|  0%| F|  |TAMS 0x00000003d3400000| PB 0x00000003d3400000| Untracked |  0
|  17|0x00000003d3600000, 0x00000003d3600000, 0x00000003d3800000|  0%| F|  |TAMS 0x00000003d3600000| PB 0x00000003d3600000| Untracked |  0
|  18|0x00000003d3800000, 0x00000003d3800000, 0x00000003d3a00000|  0%| F|  |TAMS 0x00000003d3800000| PB 0x00000003d3800000| Untracked |  0
|  19|0x00000003d3a00000, 0x00000003d3a00000, 0x00000003d3c00000|  0%| F|  |TAMS 0x00000003d3a00000| PB 0x00000003d3a00000| Untracked |  0
|  20|0x00000003d3c00000, 0x00000003d3c00000, 0x00000003d3e00000|  0%| F|  |TAMS 0x00000003d3c00000| PB 0x00000003d3c00000| Untracked |  0
|  21|0x00000003d3e00000, 0x00000003d3e00000, 0x00000003d4000000|  0%| F|  |TAMS 0x00000003d3e00000| PB 0x00000003d3e00000| Untracked |  0
|  22|0x00000003d4000000, 0x00000003d4000000, 0x00000003d4200000|  0%| F|  |TAMS 0x00000003d4000000| PB 0x00000003d4000000| Untracked |  0
|  23|0x00000003d4200000, 0x00000003d4200000, 0x00000003d4400000|  0%| F|  |TAMS 0x00000003d4200000| PB 0x00000003d4200000| Untracked |  0
|  24|0x00000003d4400000, 0x00000003d4400000, 0x00000003d4600000|  0%| F|  |TAMS 0x00000003d4400000| PB 0x00000003d4400000| Untracked |  0
|  25|0x00000003d4600000, 0x00000003d4600000, 0x00000003d4800000|  0%| F|  |TAMS 0x00000003d4600000| PB 0x00000003d4600000| Untracked |  0
|  26|0x00000003d4800000, 0x00000003d4800000, 0x00000003d4a00000|  0%| F|  |TAMS 0x00000003d4800000| PB 0x00000003d4800000| Untracked |  0
|  27|0x00000003d4a00000, 0x00000003d4a00000, 0x00000003d4c00000|  0%| F|  |TAMS 0x00000003d4a00000| PB 0x00000003d4a00000| Untracked |  0
|  28|0x00000003d4c00000, 0x00000003d4c00000, 0x00000003d4e00000|  0%| F|  |TAMS 0x00000003d4c00000| PB 0x00000003d4c00000| Untracked |  0
|  29|0x00000003d4e00000, 0x00000003d4e00000, 0x00000003d5000000|  0%| F|  |TAMS 0x00000003d4e00000| PB 0x00000003d4e00000| Untracked |  0
|  30|0x00000003d5000000, 0x00000003d5000000, 0x00000003d5200000|  0%| F|  |TAMS 0x00000003d5000000| PB 0x00000003d5000000| Untracked |  0
|  31|0x00000003d5200000, 0x00000003d5200000, 0x00000003d5400000|  0%| F|  |TAMS 0x00000003d5200000| PB 0x00000003d5200000| Untracked |  0
|  32|0x00000003d5400000, 0x00000003d5400000, 0x00000003d5600000|  0%| F|  |TAMS 0x00000003d5400000| PB 0x00000003d5400000| Untracked |  0
|  33|0x00000003d5600000, 0x00000003d5600000, 0x00000003d5800000|  0%| F|  |TAMS 0x00000003d5600000| PB 0x00000003d5600000| Untracked |  0
|  34|0x00000003d5800000, 0x00000003d5800000, 0x00000003d5a00000|  0%| F|  |TAMS 0x00000003d5800000| PB 0x00000003d5800000| Untracked |  0
|  35|0x00000003d5a00000, 0x00000003d5a00000, 0x00000003d5c00000|  0%| F|  |TAMS 0x00000003d5a00000| PB 0x00000003d5a00000| Untracked |  0
|  36|0x00000003d5c00000, 0x00000003d5c00000, 0x00000003d5e00000|  0%| F|  |TAMS 0x00000003d5c00000| PB 0x00000003d5c00000| Untracked |  0
|  37|0x00000003d5e00000, 0x00000003d5e00000, 0x00000003d6000000|  0%| F|  |TAMS 0x00000003d5e00000| PB 0x00000003d5e00000| Untracked |  0
|  38|0x00000003d6000000, 0x00000003d6000000, 0x00000003d6200000|  0%| F|  |TAMS 0x00000003d6000000| PB 0x00000003d6000000| Untracked |  0
|  39|0x00000003d6200000, 0x00000003d6200000, 0x00000003d6400000|  0%| F|  |TAMS 0x00000003d6200000| PB 0x00000003d6200000| Untracked |  0
|  40|0x00000003d6400000, 0x00000003d6400000, 0x00000003d6600000|  0%| F|  |TAMS 0x00000003d6400000| PB 0x00000003d6400000| Untracked |  0
|  41|0x00000003d6600000, 0x00000003d6600000, 0x00000003d6800000|  0%| F|  |TAMS 0x00000003d6600000| PB 0x00000003d6600000| Untracked |  0
|  42|0x00000003d6800000, 0x00000003d6800000, 0x00000003d6a00000|  0%| F|  |TAMS 0x00000003d6800000| PB 0x00000003d6800000| Untracked |  0
|  43|0x00000003d6a00000, 0x00000003d6a00000, 0x00000003d6c00000|  0%| F|  |TAMS 0x00000003d6a00000| PB 0x00000003d6a00000| Untracked |  0
|  44|0x00000003d6c00000, 0x00000003d6c00000, 0x00000003d6e00000|  0%| F|  |TAMS 0x00000003d6c00000| PB 0x00000003d6c00000| Untracked |  0
|  45|0x00000003d6e00000, 0x00000003d6e00000, 0x00000003d7000000|  0%| F|  |TAMS 0x00000003d6e00000| PB 0x00000003d6e00000| Untracked |  0
|  46|0x00000003d7000000, 0x00000003d7000000, 0x00000003d7200000|  0%| F|  |TAMS 0x00000003d7000000| PB 0x00000003d7000000| Untracked |  0
|  47|0x00000003d7200000, 0x00000003d7200000, 0x00000003d7400000|  0%| F|  |TAMS 0x00000003d7200000| PB 0x00000003d7200000| Untracked |  0
|  48|0x00000003d7400000, 0x00000003d7400000, 0x00000003d7600000|  0%| F|  |TAMS 0x00000003d7400000| PB 0x00000003d7400000| Untracked |  0
|  49|0x00000003d7600000, 0x00000003d7600000, 0x00000003d7800000|  0%| F|  |TAMS 0x00000003d7600000| PB 0x00000003d7600000| Untracked |  0
|  50|0x00000003d7800000, 0x00000003d7800000, 0x00000003d7a00000|  0%| F|  |TAMS 0x00000003d7800000| PB 0x00000003d7800000| Untracked |  0
|  51|0x00000003d7a00000, 0x00000003d7a00000, 0x00000003d7c00000|  0%| F|  |TAMS 0x00000003d7a00000| PB 0x00000003d7a00000| Untracked |  0
|  52|0x00000003d7c00000, 0x00000003d7c00000, 0x00000003d7e00000|  0%| F|  |TAMS 0x00000003d7c00000| PB 0x00000003d7c00000| Untracked |  0
|  53|0x00000003d7e00000, 0x00000003d7e00000, 0x00000003d8000000|  0%| F|  |TAMS 0x00000003d7e00000| PB 0x00000003d7e00000| Untracked |  0
|  54|0x00000003d8000000, 0x00000003d8000000, 0x00000003d8200000|  0%| F|  |TAMS 0x00000003d8000000| PB 0x00000003d8000000| Untracked |  0
|  55|0x00000003d8200000, 0x00000003d8200000, 0x00000003d8400000|  0%| F|  |TAMS 0x00000003d8200000| PB 0x00000003d8200000| Untracked |  0
|  56|0x00000003d8400000, 0x00000003d8400000, 0x00000003d8600000|  0%| F|  |TAMS 0x00000003d8400000| PB 0x00000003d8400000| Untracked |  0
|  57|0x00000003d8600000, 0x00000003d8600000, 0x00000003d8800000|  0%| F|  |TAMS 0x00000003d8600000| PB 0x00000003d8600000| Untracked |  0
|  58|0x00000003d8800000, 0x00000003d8800000, 0x00000003d8a00000|  0%| F|  |TAMS 0x00000003d8800000| PB 0x00000003d8800000| Untracked |  0
|  59|0x00000003d8a00000, 0x00000003d8a00000, 0x00000003d8c00000|  0%| F|  |TAMS 0x00000003d8a00000| PB 0x00000003d8a00000| Untracked |  0
|  60|0x00000003d8c00000, 0x00000003d8c00000, 0x00000003d8e00000|  0%| F|  |TAMS 0x00000003d8c00000| PB 0x00000003d8c00000| Untracked |  0
|  61|0x00000003d8e00000, 0x00000003d8e00000, 0x00000003d9000000|  0%| F|  |TAMS 0x00000003d8e00000| PB 0x00000003d8e00000| Untracked |  0
|  62|0x00000003d9000000, 0x00000003d9000000, 0x00000003d9200000|  0%| F|  |TAMS 0x00000003d9000000| PB 0x00000003d9000000| Untracked |  0
|  63|0x00000003d9200000, 0x00000003d9200000, 0x00000003d9400000|  0%| F|  |TAMS 0x00000003d9200000| PB 0x00000003d9200000| Untracked |  0
|  64|0x00000003d9400000, 0x00000003d9400000, 0x00000003d9600000|  0%| F|  |TAMS 0x00000003d9400000| PB 0x00000003d9400000| Untracked |  0
|  65|0x00000003d9600000, 0x00000003d9600000, 0x00000003d9800000|  0%| F|  |TAMS 0x00000003d9600000| PB 0x00000003d9600000| Untracked |  0
|  66|0x00000003d9800000, 0x00000003d9800000, 0x00000003d9a00000|  0%| F|  |TAMS 0x00000003d9800000| PB 0x00000003d9800000| Untracked |  0
|  67|0x00000003d9a00000, 0x00000003d9a00000, 0x00000003d9c00000|  0%| F|  |TAMS 0x00000003d9a00000| PB 0x00000003d9a00000| Untracked |  0
|  68|0x00000003d9c00000, 0x00000003d9c00000, 0x00000003d9e00000|  0%| F|  |TAMS 0x00000003d9c00000| PB 0x00000003d9c00000| Untracked |  0
|  69|0x00000003d9e00000, 0x00000003d9e00000, 0x00000003da000000|  0%| F|  |TAMS 0x00000003d9e00000| PB 0x00000003d9e00000| Untracked |  0
|  70|0x00000003da000000, 0x00000003da000000, 0x00000003da200000|  0%| F|  |TAMS 0x00000003da000000| PB 0x00000003da000000| Untracked |  0
|  71|0x00000003da200000, 0x00000003da200000, 0x00000003da400000|  0%| F|  |TAMS 0x00000003da200000| PB 0x00000003da200000| Untracked |  0
|  72|0x00000003da400000, 0x00000003da400000, 0x00000003da600000|  0%| F|  |TAMS 0x00000003da400000| PB 0x00000003da400000| Untracked |  0
|  73|0x00000003da600000, 0x00000003da600000, 0x00000003da800000|  0%| F|  |TAMS 0x00000003da600000| PB 0x00000003da600000| Untracked |  0
|  74|0x00000003da800000, 0x00000003da8d70d0, 0x00000003daa00000| 42%| E|  |TAMS 0x00000003da800000| PB 0x00000003da800000| Complete |  0
|  75|0x00000003daa00000, 0x00000003dac00000, 0x00000003dac00000|100%| E|CS|TAMS 0x00000003daa00000| PB 0x00000003daa00000| Complete |  0
|  76|0x00000003dac00000, 0x00000003dae00000, 0x00000003dae00000|100%| E|CS|TAMS 0x00000003dac00000| PB 0x00000003dac00000| Complete |  0
|  77|0x00000003dae00000, 0x00000003db000000, 0x00000003db000000|100%| E|CS|TAMS 0x00000003dae00000| PB 0x00000003dae00000| Complete |  0
|  78|0x00000003db000000, 0x00000003db200000, 0x00000003db200000|100%| E|CS|TAMS 0x00000003db000000| PB 0x00000003db000000| Complete |  0
|  79|0x00000003db200000, 0x00000003db400000, 0x00000003db400000|100%| E|CS|TAMS 0x00000003db200000| PB 0x00000003db200000| Complete |  0
|  80|0x00000003db400000, 0x00000003db600000, 0x00000003db600000|100%| E|CS|TAMS 0x00000003db400000| PB 0x00000003db400000| Complete |  0
|  81|0x00000003db600000, 0x00000003db800000, 0x00000003db800000|100%| E|CS|TAMS 0x00000003db600000| PB 0x00000003db600000| Complete |  0
|  82|0x00000003db800000, 0x00000003dba00000, 0x00000003dba00000|100%| E|CS|TAMS 0x00000003db800000| PB 0x00000003db800000| Complete |  0
|  83|0x00000003dba00000, 0x00000003dbc00000, 0x00000003dbc00000|100%| E|CS|TAMS 0x00000003dba00000| PB 0x00000003dba00000| Complete |  0
|  84|0x00000003dbc00000, 0x00000003dbe00000, 0x00000003dbe00000|100%| S|CS|TAMS 0x00000003dbc00000| PB 0x00000003dbc00000| Complete |  0
|  85|0x00000003dbe00000, 0x00000003dc000000, 0x00000003dc000000|100%| S|CS|TAMS 0x00000003dbe00000| PB 0x00000003dbe00000| Complete |  0
|  86|0x00000003dc000000, 0x00000003dc200000, 0x00000003dc200000|100%| S|CS|TAMS 0x00000003dc000000| PB 0x00000003dc000000| Complete |  0
|  87|0x00000003dc200000, 0x00000003dc400000, 0x00000003dc400000|100%| E|CS|TAMS 0x00000003dc200000| PB 0x00000003dc200000| Complete |  0
|  88|0x00000003dc400000, 0x00000003dc600000, 0x00000003dc600000|100%| E|CS|TAMS 0x00000003dc400000| PB 0x00000003dc400000| Complete |  0
|  89|0x00000003dc600000, 0x00000003dc800000, 0x00000003dc800000|100%| E|CS|TAMS 0x00000003dc600000| PB 0x00000003dc600000| Complete |  0
|  90|0x00000003dc800000, 0x00000003dca00000, 0x00000003dca00000|100%| E|CS|TAMS 0x00000003dc800000| PB 0x00000003dc800000| Complete |  0
|  91|0x00000003dca00000, 0x00000003dcc00000, 0x00000003dcc00000|100%| E|CS|TAMS 0x00000003dca00000| PB 0x00000003dca00000| Complete |  0
|  92|0x00000003dcc00000, 0x00000003dce00000, 0x00000003dce00000|100%| E|CS|TAMS 0x00000003dcc00000| PB 0x00000003dcc00000| Complete |  0
|  93|0x00000003dce00000, 0x00000003dd000000, 0x00000003dd000000|100%| E|CS|TAMS 0x00000003dce00000| PB 0x00000003dce00000| Complete |  0
|  94|0x00000003dd000000, 0x00000003dd200000, 0x00000003dd200000|100%| E|CS|TAMS 0x00000003dd000000| PB 0x00000003dd000000| Complete |  0
|  95|0x00000003dd200000, 0x00000003dd400000, 0x00000003dd400000|100%| E|CS|TAMS 0x00000003dd200000| PB 0x00000003dd200000| Complete |  0
|  96|0x00000003dd400000, 0x00000003dd600000, 0x00000003dd600000|100%| E|CS|TAMS 0x00000003dd400000| PB 0x00000003dd400000| Complete |  0
|  97|0x00000003dd600000, 0x00000003dd800000, 0x00000003dd800000|100%| E|CS|TAMS 0x00000003dd600000| PB 0x00000003dd600000| Complete |  0
|  98|0x00000003dd800000, 0x00000003dda00000, 0x00000003dda00000|100%| E|CS|TAMS 0x00000003dd800000| PB 0x00000003dd800000| Complete |  0
|  99|0x00000003dda00000, 0x00000003ddc00000, 0x00000003ddc00000|100%| E|CS|TAMS 0x00000003dda00000| PB 0x00000003dda00000| Complete |  0
| 100|0x00000003ddc00000, 0x00000003dde00000, 0x00000003dde00000|100%| E|CS|TAMS 0x00000003ddc00000| PB 0x00000003ddc00000| Complete |  0
| 101|0x00000003dde00000, 0x00000003de000000, 0x00000003de000000|100%| E|CS|TAMS 0x00000003dde00000| PB 0x00000003dde00000| Complete |  0
| 102|0x00000003de000000, 0x00000003de200000, 0x00000003de200000|100%| E|CS|TAMS 0x00000003de000000| PB 0x00000003de000000| Complete |  0
| 103|0x00000003de200000, 0x00000003de400000, 0x00000003de400000|100%| E|CS|TAMS 0x00000003de200000| PB 0x00000003de200000| Complete |  0
| 104|0x00000003de400000, 0x00000003de600000, 0x00000003de600000|100%| E|CS|TAMS 0x00000003de400000| PB 0x00000003de400000| Complete |  0
| 105|0x00000003de600000, 0x00000003de800000, 0x00000003de800000|100%| E|CS|TAMS 0x00000003de600000| PB 0x00000003de600000| Complete |  0
| 106|0x00000003de800000, 0x00000003dea00000, 0x00000003dea00000|100%| E|CS|TAMS 0x00000003de800000| PB 0x00000003de800000| Complete |  0
| 107|0x00000003dea00000, 0x00000003dec00000, 0x00000003dec00000|100%| E|CS|TAMS 0x00000003dea00000| PB 0x00000003dea00000| Complete |  0
| 108|0x00000003dec00000, 0x00000003dee00000, 0x00000003dee00000|100%| E|CS|TAMS 0x00000003dec00000| PB 0x00000003dec00000| Complete |  0
| 109|0x00000003dee00000, 0x00000003df000000, 0x00000003df000000|100%| E|CS|TAMS 0x00000003dee00000| PB 0x00000003dee00000| Complete |  0
| 110|0x00000003df000000, 0x00000003df200000, 0x00000003df200000|100%| E|CS|TAMS 0x00000003df000000| PB 0x00000003df000000| Complete |  0

Card table byte_map: [0x0000018097f80000,0x0000018098670000] _byte_map_base: 0x00000180960f6000

Marking Bits: (CMBitMap*) 0x0000018082d87750
 Bits: [0x0000018098670000, 0x000001809bdd0000)

Polling page: 0x0000018082800000

Metaspace:
Metaspace        used 20973K, committed 21248K, reserved 1114112K
 class space     used 2482K, committed 2624K, reserved 1048576K

Usage:
  Non-class:     18.06 MB used.
      Class:      2.42 MB used.
       Both:     20.48 MB used.

Virtual space:
  Non-class space:       64.00 MB reserved,      18.19 MB ( 28%) committed,  1 nodes.
      Class space:        1.00 GB reserved,       2.56 MB ( <1%) committed,  1 nodes.
             Both:        1.06 GB reserved,      20.75 MB (  2%) committed. 

Chunk freelists:
   Non-Class:  13.82 MB
       Class:  13.47 MB
        Both:  27.29 MB

MaxMetaspaceSize: unlimited
CompressedClassSpaceSize: 1.00 GB
Initial GC threshold: 21.00 MB
Current GC threshold: 21.00 MB
CDS: off
 - commit_granule_bytes: 65536.
 - commit_granule_words: 8192.
 - virtual_space_node_default_size: 8388608.
 - enlarge_chunks_in_place: 1.
UseCompressedClassPointers 1, UseCompactObjectHeaders 0
Narrow klass pointer bits 32, Max shift 3
Narrow klass base: 0x0000000000000000, Narrow klass shift: 0
Encoding Range: [0x0000000000000000 - 0x0000000100000000), (4294967296 bytes)
Klass Range:    [0x00000000b1000000 - 0x00000000f1000000), (1073741824 bytes)
Klass ID Range:  [2969567232 - 4043309049) (1073741817)
No protection zone.


Internal statistics:

num_allocs_failed_limit: 0.
num_arena_births: 214.
num_arena_deaths: 0.
num_vsnodes_births: 2.
num_vsnodes_deaths: 0.
num_space_committed: 332.
num_space_uncommitted: 0.
num_chunks_returned_to_freelist: 0.
num_chunks_taken_from_freelist: 521.
num_chunk_merges: 0.
num_chunk_splits: 339.
num_chunks_enlarged: 258.
num_inconsistent_stats: 0.

CodeHeap 'non-profiled nmethods': size=119168Kb used=899Kb max_used=899Kb free=118268Kb
 bounds [0x000001808f480000, 0x000001808f6f0000, 0x00000180968e0000]
CodeHeap 'profiled nmethods': size=119168Kb used=3576Kb max_used=3576Kb free=115591Kb
 bounds [0x00000180878d0000, 0x0000018087c50000, 0x000001808ed30000]
CodeHeap 'non-nmethods': size=7488Kb used=2503Kb max_used=3096Kb free=4984Kb
 bounds [0x000001808ed30000, 0x000001808f040000, 0x000001808f480000]
CodeCache: size=245824Kb, used=6978Kb, max_used=7571Kb, free=238843Kb
 total_blobs=3006, nmethods=2475, adapters=432, full_count=0
Compilation: enabled, stopped_count=0, restarted_count=0

Compilation events (20 events):
Event: 19.651 Thread 0x000001809eb1b560 nmethod 2453 0x0000018087c49088 code [0x0000018087c49180, 0x0000018087c49298]
Event: 19.691 Thread 0x000001809eb1b560 2454       1       org.gradle.internal.logging.text.AbstractLineChoppingStyledTextOutput$SeenFromEol::size (5 bytes)
Event: 19.691 Thread 0x000001809eb1b560 nmethod 2454 0x000001808f560088 code [0x000001808f560180, 0x000001808f560248]
Event: 19.691 Thread 0x000001809eb1b560 2457       3       org.gradle.internal.logging.text.AbstractLineChoppingStyledTextOutput$StateContext::isCurrentCharEquals (70 bytes)
Event: 19.691 Thread 0x000001809eb1b560 nmethod 2457 0x0000018087c49388 code [0x0000018087c49480, 0x0000018087c49c60]
Event: 19.691 Thread 0x000001809eb1b560 2455       1       org.gradle.internal.logging.text.AbstractLineChoppingStyledTextOutput$StateContext::access$000 (5 bytes)
Event: 19.691 Thread 0x000001809eb1b560 nmethod 2455 0x000001808f560388 code [0x000001808f560480, 0x000001808f560530]
Event: 19.691 Thread 0x000001809eb1b560 2456       1       org.gradle.internal.logging.text.AbstractLineChoppingStyledTextOutput$StateContext::access$500 (5 bytes)
Event: 19.691 Thread 0x000001809eb1b560 nmethod 2456 0x000001808f560688 code [0x000001808f560780, 0x000001808f560830]
Event: 21.489 Thread 0x000001809eb1b560 2458       3       java.util.LinkedHashMap::values (5 bytes)
Event: 21.490 Thread 0x000001809eb1b560 nmethod 2458 0x0000018087c49c88 code [0x0000018087c49d80, 0x0000018087c49ed0]
Event: 21.490 Thread 0x000001809eb1b560 2459       3       java.util.LinkedHashMap::sequencedValues (31 bytes)
Event: 21.490 Thread 0x000001809eb1b560 nmethod 2459 0x0000018087c49f88 code [0x0000018087c4a080, 0x0000018087c4a558]
Event: 21.790 Thread 0x000001809eb1b560 2460       3       java.util.LinkedHashMap$LinkedValues::iterator (16 bytes)
Event: 21.791 Thread 0x000001809eb1b560 nmethod 2460 0x0000018087c4a588 code [0x0000018087c4a680, 0x0000018087c4a9e8]
Event: 21.791 Thread 0x000001809eb1b560 2461       3       java.util.LinkedHashMap$LinkedValueIterator::<init> (14 bytes)
Event: 21.791 Thread 0x000001809eb1b560 nmethod 2461 0x0000018087c4aa08 code [0x0000018087c4ab00, 0x0000018087c4ad90]
Event: 22.191 Thread 0x000001809eb1b560 2462       3       java.util.concurrent.ScheduledThreadPoolExecutor$ScheduledFutureTask::isPeriodic (15 bytes)
Event: 22.191 Thread 0x000001809eb1b560 nmethod 2462 0x0000018087c4ae08 code [0x0000018087c4af00, 0x0000018087c4b058]
Event: 22.966 Thread 0x000001809eb1b560 2463       3       com.esotericsoftware.kryo.io.Input::readUtf8 (90 bytes)

GC Heap Usage History (2 events):
Event: 0.592 {heap Before GC invocations=0 (full 0):
 garbage-first heap   total reserved 3629056K, committed 227328K, used 51200K [0x00000003d1400000, 0x00000004aec00000)
  region size 2048K, 24 young (49152K), 0 survivors (0K)
}
Event: 0.596 {heap After GC invocations=1 (full 0):
 garbage-first heap   total reserved 3629056K, committed 227328K, used 10531K [0x00000003d1400000, 0x00000004aec00000)
  region size 2048K, 3 young (6144K), 3 survivors (6144K)
}

Metaspace Usage History (2 events):
Event: 0.592 {metaspace Before GC invocations=0 (full 0):
 Metaspace       used 9501K, committed 9664K, reserved 1114112K
  class space    used 890K, committed 960K, reserved 1048576K
}
Event: 0.596 {metaspace After GC invocations=1 (full 0):
 Metaspace       used 9501K, committed 9664K, reserved 1114112K
  class space    used 890K, committed 960K, reserved 1048576K
}

Dll operation events (3 events):
Event: 0.008 Loaded shared library C:\Program Files\Android\Android Studio\jbr\bin\java.dll
Event: 0.013 Loaded shared library C:\Program Files\Android\Android Studio\jbr\bin\zip.dll
Event: 0.092 Loaded shared library C:\Program Files\Android\Android Studio\jbr\bin\verify.dll

Deoptimization events (20 events):
Event: 3.260 Thread 0x0000018082852df0 Uncommon trap: trap_request=0xffffffde fr.pc=0x000001808f4c9fbc relative=0x000000000000073c
Event: 3.260 Thread 0x0000018082852df0 Uncommon trap: reason=class_check action=maybe_recompile pc=0x000001808f4c9fbc method=java.util.HashMap.putVal(ILjava/lang/Object;Ljava/lang/Object;ZZ)Ljava/lang/Object; @ 203 c2
Event: 3.260 Thread 0x0000018082852df0 DEOPT PACKING pc=0x000001808f4c9fbc sp=0x0000000784dfbb50
Event: 3.260 Thread 0x0000018082852df0 DEOPT UNPACKING pc=0x000001808ee48582 sp=0x0000000784dfba58 mode 2
Event: 3.271 Thread 0x0000018082852df0 Uncommon trap: trap_request=0xffffff45 fr.pc=0x000001808f4d6fb4 relative=0x00000000000000b4
Event: 3.271 Thread 0x0000018082852df0 Uncommon trap: reason=unstable_if action=reinterpret pc=0x000001808f4d6fb4 method=java.nio.Buffer.limit(I)Ljava/nio/Buffer; @ 42 c2
Event: 3.271 Thread 0x0000018082852df0 DEOPT PACKING pc=0x000001808f4d6fb4 sp=0x0000000784dfc1b0
Event: 3.271 Thread 0x0000018082852df0 DEOPT UNPACKING pc=0x000001808ee48582 sp=0x0000000784dfc138 mode 2
Event: 3.291 Thread 0x0000018082852df0 Uncommon trap: trap_request=0xffffff45 fr.pc=0x000001808f4f4214 relative=0x0000000000000194
Event: 3.291 Thread 0x0000018082852df0 Uncommon trap: reason=unstable_if action=reinterpret pc=0x000001808f4f4214 method=sun.nio.fs.NativeBuffers.getNativeBufferFromCache(I)Lsun/nio/fs/NativeBuffer; @ 34 c2
Event: 3.291 Thread 0x0000018082852df0 DEOPT PACKING pc=0x000001808f4f4214 sp=0x0000000784dfd680
Event: 3.291 Thread 0x0000018082852df0 DEOPT UNPACKING pc=0x000001808ee48582 sp=0x0000000784dfd608 mode 2
Event: 3.298 Thread 0x0000018082852df0 Uncommon trap: trap_request=0xffffff45 fr.pc=0x000001808f54f788 relative=0x0000000000000208
Event: 3.298 Thread 0x0000018082852df0 Uncommon trap: reason=unstable_if action=reinterpret pc=0x000001808f54f788 method=jdk.internal.misc.Unsafe.copyMemory(Ljava/lang/Object;JLjava/lang/Object;JJ)V @ 16 c2
Event: 3.298 Thread 0x0000018082852df0 DEOPT PACKING pc=0x000001808f54f788 sp=0x0000000784dfdce0
Event: 3.298 Thread 0x0000018082852df0 DEOPT UNPACKING pc=0x000001808ee48582 sp=0x0000000784dfdb70 mode 2
Event: 3.340 Thread 0x0000018082852df0 Uncommon trap: trap_request=0xffffff45 fr.pc=0x000001808f5355fc relative=0x0000000000000c7c
Event: 3.340 Thread 0x0000018082852df0 Uncommon trap: reason=unstable_if action=reinterpret pc=0x000001808f5355fc method=java.util.concurrent.ConcurrentHashMap.transfer([Ljava/util/concurrent/ConcurrentHashMap$Node;[Ljava/util/concurrent/ConcurrentHashMap$Node;)V @ 26 c2
Event: 3.340 Thread 0x0000018082852df0 DEOPT PACKING pc=0x000001808f5355fc sp=0x0000000784dfd120
Event: 3.340 Thread 0x0000018082852df0 DEOPT UNPACKING pc=0x000001808ee48582 sp=0x0000000784dfd080 mode 2

Classes loaded (20 events):
Event: 3.290 Loading class java/nio/channels/Pipe$SourceChannel done
Event: 3.290 Loading class sun/nio/ch/SourceChannelImpl done
Event: 3.290 Loading class sun/nio/ch/SinkChannelImpl
Event: 3.290 Loading class java/nio/channels/Pipe$SinkChannel
Event: 3.290 Loading class java/nio/channels/Pipe$SinkChannel done
Event: 3.290 Loading class sun/nio/ch/SinkChannelImpl done
Event: 3.291 Loading class sun/nio/ch/SelectionKeyImpl
Event: 3.292 Loading class java/nio/channels/spi/AbstractSelectionKey
Event: 3.292 Loading class java/nio/channels/SelectionKey
Event: 3.292 Loading class java/nio/channels/SelectionKey done
Event: 3.292 Loading class java/nio/channels/spi/AbstractSelectionKey done
Event: 3.292 Loading class sun/nio/ch/SelectionKeyImpl done
Event: 3.292 Loading class java/lang/invoke/ConstantBootstraps
Event: 3.292 Loading class java/lang/invoke/ConstantBootstraps done
Event: 3.296 Loading class java/lang/Long$LongCache
Event: 3.296 Loading class java/lang/Long$LongCache done
Event: 3.339 Loading class java/util/concurrent/Executors$AutoShutdownDelegatedExecutorService
Event: 3.339 Loading class java/util/concurrent/Executors$AutoShutdownDelegatedExecutorService done
Event: 18.193 Loading class java/lang/invoke/MethodHandle$1
Event: 18.193 Loading class java/lang/invoke/MethodHandle$1 done

Classes unloaded (0 events):
No events

Classes redefined (0 events):
No events

Internal exceptions (20 events):
Event: 1.090 Thread 0x0000018082852df0 Exception <a 'java/lang/NoSuchMethodError'{0x00000003dddb9458}: 'java.lang.Object java.lang.invoke.DirectMethodHandle$Holder.invokeStatic(java.lang.Object, java.lang.Object, java.lang.Object, java.lang.Object, java.lang.Object, java.lang.Object, java.lang.Object, java.lang.Object, java.lang.Object, java.lang.Object, java.lang.Object, java.lang.Object)'> (0x00000003dddb9458) 
thrown [s\src\hotspot\share\interpreter\linkResolver.cpp, line 815]
Event: 1.138 Thread 0x0000018082852df0 Exception <a 'java/lang/NoSuchMethodError'{0x00000003ddbd23b0}: 'java.lang.Object java.lang.invoke.DirectMethodHandle$Holder.invokeVirtual(java.lang.Object, java.lang.Object, java.lang.Object, java.lang.Object, java.lang.Object, java.lang.Object, java.lang.Object, java.lang.Object)'> (0x00000003ddbd23b0) 
thrown [s\src\hotspot\share\interpreter\linkResolver.cpp, line 815]
Event: 1.172 Thread 0x0000018082852df0 Exception <a 'java/lang/NoSuchMethodError'{0x00000003dd90e788}: 'java.lang.Object java.lang.invoke.DirectMethodHandle$Holder.invokeStaticInit(java.lang.Object, java.lang.Object, int, int, int, int)'> (0x00000003dd90e788) 
thrown [s\src\hotspot\share\interpreter\linkResolver.cpp, line 815]
Event: 1.178 Thread 0x0000018082852df0 Exception <a 'sun/nio/fs/WindowsException'{0x00000003dd941470}> (0x00000003dd941470) 
thrown [s\src\hotspot\share\prims\jni.cpp, line 535]
Event: 1.192 Thread 0x0000018082852df0 Exception <a 'sun/nio/fs/WindowsException'{0x00000003dd9e6088}> (0x00000003dd9e6088) 
thrown [s\src\hotspot\share\prims\jni.cpp, line 535]
Event: 1.192 Thread 0x0000018082852df0 Implicit null exception at 0x000001808f4b9fb8 to 0x000001808f4ba67c
Event: 1.193 Thread 0x0000018082852df0 Exception <a 'sun/nio/fs/WindowsException'{0x00000003dd9f7da8}> (0x00000003dd9f7da8) 
thrown [s\src\hotspot\share\prims\jni.cpp, line 535]
Event: 1.193 Thread 0x0000018082852df0 Implicit null exception at 0x000001808f4a52b8 to 0x000001808f4a599c
Event: 1.194 Thread 0x0000018082852df0 Exception <a 'sun/nio/fs/WindowsException'{0x00000003dd9fda88}> (0x00000003dd9fda88) 
thrown [s\src\hotspot\share\prims\jni.cpp, line 535]
Event: 1.194 Thread 0x0000018082852df0 Exception <a 'sun/nio/fs/WindowsException'{0x00000003dd603d88}> (0x00000003dd603d88) 
thrown [s\src\hotspot\share\prims\jni.cpp, line 535]
Event: 1.195 Thread 0x0000018082852df0 Exception <a 'sun/nio/fs/WindowsException'{0x00000003dd60ae30}> (0x00000003dd60ae30) 
thrown [s\src\hotspot\share\prims\jni.cpp, line 535]
Event: 1.195 Thread 0x0000018082852df0 Exception <a 'sun/nio/fs/WindowsException'{0x00000003dd611018}> (0x00000003dd611018) 
thrown [s\src\hotspot\share\prims\jni.cpp, line 535]
Event: 1.196 Thread 0x0000018082852df0 Exception <a 'sun/nio/fs/WindowsException'{0x00000003dd619930}> (0x00000003dd619930) 
thrown [s\src\hotspot\share\prims\jni.cpp, line 535]
Event: 1.237 Thread 0x0000018082852df0 Exception <a 'sun/nio/fs/WindowsException'{0x00000003dd790140}> (0x00000003dd790140) 
thrown [s\src\hotspot\share\prims\jni.cpp, line 535]
Event: 1.257 Thread 0x0000018082852df0 Exception <a 'java/lang/NoSuchMethodError'{0x00000003dd45ed80}: 'java.lang.Object java.lang.invoke.DirectMethodHandle$Holder.newInvokeSpecial(java.lang.Object, java.lang.Object, java.lang.Object, int)'> (0x00000003dd45ed80) 
thrown [s\src\hotspot\share\interpreter\linkResolver.cpp, line 815]
Event: 1.258 Thread 0x0000018082852df0 Exception <a 'java/lang/NoSuchMethodError'{0x00000003dd467c68}: 'java.lang.Object java.lang.invoke.Invokers$Holder.linkToTargetMethod(java.lang.Object, java.lang.Object, int, java.lang.Object)'> (0x00000003dd467c68) 
thrown [s\src\hotspot\share\interpreter\linkResolver.cpp, line 815]
Event: 1.345 Thread 0x0000018082852df0 Exception <a 'sun/nio/fs/WindowsException'{0x00000003db86e510}> (0x00000003db86e510) 
thrown [s\src\hotspot\share\prims\jni.cpp, line 535]
Event: 1.414 Thread 0x00000180a4a50400 Exception <a 'java/lang/NoSuchMethodError'{0x00000003daa14700}: 'void java.lang.invoke.DirectMethodHandle$Holder.invokeStatic(java.lang.Object, long)'> (0x00000003daa14700) 
thrown [s\src\hotspot\share\interpreter\linkResolver.cpp, line 815]
Event: 3.239 Thread 0x0000018082852df0 Exception <a 'sun/nio/fs/WindowsException'{0x00000003daaa95a8}> (0x00000003daaa95a8) 
thrown [s\src\hotspot\share\prims\jni.cpp, line 535]
Event: 3.241 Thread 0x0000018082852df0 Exception <a 'sun/nio/fs/WindowsException'{0x00000003daab30c8}> (0x00000003daab30c8) 
thrown [s\src\hotspot\share\prims\jni.cpp, line 535]

VM Operations (20 events):
Event: 0.639 Executing non-safepoint VM operation: HandshakeAllThreads (Deoptimize)
Event: 0.639 Executing non-safepoint VM operation: HandshakeAllThreads (Deoptimize) done
Event: 0.690 Executing non-safepoint VM operation: HandshakeAllThreads (Deoptimize)
Event: 0.690 Executing non-safepoint VM operation: HandshakeAllThreads (Deoptimize) done
Event: 0.789 Executing non-safepoint VM operation: HandshakeAllThreads (Deoptimize)
Event: 0.789 Executing non-safepoint VM operation: HandshakeAllThreads (Deoptimize) done
Event: 0.858 Executing non-safepoint VM operation: HandshakeAllThreads (Deoptimize)
Event: 0.858 Executing non-safepoint VM operation: HandshakeAllThreads (Deoptimize) done
Event: 0.925 Executing non-safepoint VM operation: HandshakeAllThreads (Deoptimize)
Event: 0.925 Executing non-safepoint VM operation: HandshakeAllThreads (Deoptimize) done
Event: 1.164 Executing non-safepoint VM operation: HandshakeAllThreads (Deoptimize)
Event: 1.164 Executing non-safepoint VM operation: HandshakeAllThreads (Deoptimize) done
Event: 1.205 Executing non-safepoint VM operation: HandshakeAllThreads (Deoptimize)
Event: 1.205 Executing non-safepoint VM operation: HandshakeAllThreads (Deoptimize) done
Event: 1.419 Executing non-safepoint VM operation: HandshakeAllThreads (Deoptimize)
Event: 1.419 Executing non-safepoint VM operation: HandshakeAllThreads (Deoptimize) done
Event: 1.424 Executing non-safepoint VM operation: HandshakeAllThreads (Deoptimize)
Event: 1.424 Executing non-safepoint VM operation: HandshakeAllThreads (Deoptimize) done
Event: 3.258 Executing non-safepoint VM operation: HandshakeAllThreads (Deoptimize)
Event: 3.258 Executing non-safepoint VM operation: HandshakeAllThreads (Deoptimize) done

Memory protections (0 events):
No events

Nmethod flushes (0 events):
No events

Events (20 events):
Event: 0.752 Thread 0x000001809ea7c7b0 Thread added: 0x00000180a40f5f50
Event: 0.802 Loaded shared library C:\Program Files\Android\Android Studio\jbr\bin\management.dll
Event: 0.804 Loaded shared library C:\Program Files\Android\Android Studio\jbr\bin\management_ext.dll
Event: 0.847 Loaded shared library C:\Users\USER\.gradle\native\660c5614fbf4a5f2a75b1949f50a0caf5cd603558e7d8a26e50b933a0cfb79d1\windows-amd64\native-platform.dll
Event: 0.889 Thread 0x0000018082852df0 Thread added: 0x00000180a4706ce0
Event: 1.036 Loaded shared library C:\Program Files\Android\Android Studio\jbr\bin\extnet.dll
Event: 1.405 Thread 0x0000018082852df0 Thread added: 0x00000180a4a50400
Event: 1.418 Thread 0x00000180a4a50400 Thread added: 0x00000180a4c1ee70
Event: 1.418 Thread 0x00000180a4c1ee70 Thread exited: 0x00000180a4c1ee70
Event: 1.419 Thread 0x00000180a4a50400 Thread added: 0x00000180a4c1ee70
Event: 1.590 Thread 0x00000180a38bcfb0 Thread exited: 0x00000180a38bcfb0
Event: 1.590 Thread 0x00000180a37a3070 Thread exited: 0x00000180a37a3070
Event: 1.590 Thread 0x00000180a37742f0 Thread exited: 0x00000180a37742f0
Event: 2.790 Thread 0x00000180a40f5f50 Thread exited: 0x00000180a40f5f50
Event: 3.236 Thread 0x00000180a4c1ee70 Thread exited: 0x00000180a4c1ee70
Event: 3.236 Thread 0x00000180a4a50400 Thread exited: 0x00000180a4a50400
Event: 3.284 Thread 0x000001809ea7c7b0 Thread added: 0x00000180a4ba7830
Event: 4.589 Thread 0x00000180a4ba7830 Thread exited: 0x00000180a4ba7830
Event: 5.691 Thread 0x000001809ea7c7b0 Thread exited: 0x000001809ea7c7b0
Event: 5.691 Thread 0x00000180a39c6980 Thread exited: 0x00000180a39c6980


Dynamic libraries:
0x00007ff6ae8c0000 - 0x00007ff6ae8ca000 	C:\Program Files\Android\Android Studio\jbr\bin\java.exe
0x00007ff923c00000 - 0x00007ff923e67000 	C:\WINDOWS\SYSTEM32\ntdll.dll
0x00007ff922150000 - 0x00007ff92221b000 	C:\WINDOWS\System32\KERNEL32.DLL
0x00007ff921460000 - 0x00007ff921862000 	C:\WINDOWS\System32\KERNELBASE.dll
0x00007ff921110000 - 0x00007ff92125c000 	C:\WINDOWS\System32\ucrtbase.dll
0x00007ff91bba0000 - 0x00007ff91bbb6000 	C:\Program Files\Android\Android Studio\jbr\bin\jli.dll
0x00007ff90dc30000 - 0x00007ff90dc4b000 	C:\Program Files\Android\Android Studio\jbr\bin\VCRUNTIME140.dll
0x00007ff922510000 - 0x00007ff9226df000 	C:\WINDOWS\System32\USER32.dll
0x00007ff90b980000 - 0x00007ff90bc10000 	C:\WINDOWS\WinSxS\amd64_microsoft.windows.common-controls_6595b64144ccf1df_6.0.26100.9278_none_3e0d1ba8e3303201\COMCTL32.dll
0x00007ff921050000 - 0x00007ff921077000 	C:\WINDOWS\System32\win32u.dll
0x00007ff923a30000 - 0x00007ff923ad9000 	C:\WINDOWS\System32\msvcrt.dll
0x00007ff922c30000 - 0x00007ff922c5b000 	C:\WINDOWS\System32\GDI32.dll
0x00007ff921270000 - 0x00007ff921399000 	C:\WINDOWS\System32\gdi32full.dll
0x00007ff921870000 - 0x00007ff921913000 	C:\WINDOWS\System32\msvcp_win.dll
0x00007ff922970000 - 0x00007ff9229a1000 	C:\WINDOWS\System32\IMM32.DLL
0x00007ff911710000 - 0x00007ff91171c000 	C:\Program Files\Android\Android Studio\jbr\bin\vcruntime140_1.dll
0x00007ff90a600000 - 0x00007ff90a68d000 	C:\Program Files\Android\Android Studio\jbr\bin\msvcp140.dll
0x00007ff8abb20000 - 0x00007ff8ac9fd000 	C:\Program Files\Android\Android Studio\jbr\bin\server\jvm.dll
0x00007ff922b60000 - 0x00007ff922c1c000 	C:\WINDOWS\System32\ADVAPI32.dll
0x00007ff9229b0000 - 0x00007ff922a59000 	C:\WINDOWS\System32\sechost.dll
0x00007ff9223f0000 - 0x00007ff922508000 	C:\WINDOWS\System32\RPCRT4.dll
0x00007ff921920000 - 0x00007ff9219a0000 	C:\WINDOWS\System32\WS2_32.dll
0x00007ff920c60000 - 0x00007ff920cbe000 	C:\WINDOWS\SYSTEM32\POWRPROF.dll
0x00007ff9188d0000 - 0x00007ff918906000 	C:\WINDOWS\SYSTEM32\WINMM.dll
0x00007ff918910000 - 0x00007ff91891b000 	C:\WINDOWS\SYSTEM32\VERSION.dll
0x00007ff920c40000 - 0x00007ff920c55000 	C:\WINDOWS\SYSTEM32\UMPDC.dll
0x00007ff91fa90000 - 0x00007ff91faab000 	C:\WINDOWS\SYSTEM32\kernel.appcore.dll
0x00007ff911680000 - 0x00007ff91168a000 	C:\Program Files\Android\Android Studio\jbr\bin\jimage.dll
0x00007ff9123c0000 - 0x00007ff91260c000 	C:\WINDOWS\SYSTEM32\DBGHELP.DLL
0x00007ff923620000 - 0x00007ff9239a5000 	C:\WINDOWS\System32\combase.dll
0x00007ff923170000 - 0x00007ff923249000 	C:\WINDOWS\System32\OLEAUT32.dll
0x00007ff905160000 - 0x00007ff90519b000 	C:\WINDOWS\SYSTEM32\dbgcore.DLL
0x00007ff9213a0000 - 0x00007ff92144c000 	C:\WINDOWS\System32\bcryptPrimitives.dll
0x00007ff90c360000 - 0x00007ff90c37e000 	C:\Program Files\Android\Android Studio\jbr\bin\java.dll
0x00007ff922220000 - 0x00007ff9223ba000 	C:\WINDOWS\System32\ole32.dll
0x00007ff9219b0000 - 0x00007ff922148000 	C:\WINDOWS\System32\SHELL32.dll
0x00007ff91db40000 - 0x00007ff91db56000 	C:\Program Files\Android\Android Studio\jbr\bin\zip.dll
0x00007ff91e820000 - 0x00007ff91f0ce000 	C:\WINDOWS\SYSTEM32\windows.storage.dll
0x00007ff923460000 - 0x00007ff92355b000 	C:\WINDOWS\System32\SHCORE.dll
0x00007ff9239b0000 - 0x00007ff923a16000 	C:\WINDOWS\System32\shlwapi.dll
0x00007ff920d20000 - 0x00007ff920d49000 	C:\WINDOWS\SYSTEM32\profapi.dll
0x00007ff911010000 - 0x00007ff911020000 	C:\Program Files\Android\Android Studio\jbr\bin\net.dll
0x00007ff920030000 - 0x00007ff92009c000 	C:\WINDOWS\system32\mswsock.dll
0x00007ff90da60000 - 0x00007ff90da76000 	C:\Program Files\Android\Android Studio\jbr\bin\nio.dll
0x00007ff90dad0000 - 0x00007ff90dae0000 	C:\Program Files\Android\Android Studio\jbr\bin\verify.dll
0x00007ff90da50000 - 0x00007ff90da59000 	C:\Program Files\Android\Android Studio\jbr\bin\management.dll
0x00007ff90da40000 - 0x00007ff90da4b000 	C:\Program Files\Android\Android Studio\jbr\bin\management_ext.dll
0x00007ff922c60000 - 0x00007ff922c68000 	C:\WINDOWS\System32\PSAPI.DLL
0x00007ff9093f0000 - 0x00007ff909417000 	C:\Users\USER\.gradle\native\660c5614fbf4a5f2a75b1949f50a0caf5cd603558e7d8a26e50b933a0cfb79d1\windows-amd64\native-platform.dll
0x00007ff91f440000 - 0x00007ff91f473000 	C:\WINDOWS\SYSTEM32\IPHLPAPI.DLL
0x00007ff923450000 - 0x00007ff92345a000 	C:\WINDOWS\System32\NSI.dll
0x00007ff90da30000 - 0x00007ff90da39000 	C:\Program Files\Android\Android Studio\jbr\bin\extnet.dll
0x00007ff920450000 - 0x00007ff92046b000 	C:\WINDOWS\SYSTEM32\CRYPTSP.dll
0x00007ff91f9f0000 - 0x00007ff91fa29000 	C:\WINDOWS\system32\rsaenh.dll
0x00007ff9200e0000 - 0x00007ff920114000 	C:\WINDOWS\SYSTEM32\USERENV.dll
0x00007ff920cf0000 - 0x00007ff920d1a000 	C:\WINDOWS\SYSTEM32\bcrypt.dll
0x00007ff920290000 - 0x00007ff92029c000 	C:\WINDOWS\SYSTEM32\CRYPTBASE.dll
0x00007ff8f82d0000 - 0x00007ff8f82d8000 	C:\WINDOWS\system32\wshunix.dll

JVMTI agents: none

dbghelp: loaded successfully - version: 4.0.5 - missing functions: none
symbol engine: initialized successfully - sym options: 0x614 - pdb path: .;C:\Program Files\Android\Android Studio\jbr\bin;C:\WINDOWS\SYSTEM32;C:\WINDOWS\WinSxS\amd64_microsoft.windows.common-controls_6595b64144ccf1df_6.0.26100.9278_none_3e0d1ba8e3303201;C:\Program Files\Android\Android Studio\jbr\bin\server;C:\Users\USER\.gradle\native\660c5614fbf4a5f2a75b1949f50a0caf5cd603558e7d8a26e50b933a0cfb79d1\windows-amd64

VM Arguments:
jvm_args: -Dorg.gradle.appname=gradlew 
java_command: org.gradle.wrapper.GradleWrapperMain -q -Ptarget-platform=android-arm64 -Ptarget=D:\farmer-buyer-marketplace\lib\main.dart -Pbase-application-name=android.app.Application -Pdart-defines=RkxVVFRFUl9CVUlMRF9OQU1FPTEuMC4w,RkxVVFRFUl9CVUlMRF9OVU1CRVI9MQ==,RkxVVFRFUl9WRVJTSU9OPTMuNDcuNA==,RkxVVFRFUl9DSEFOTkVMPXN0YWJsZQ==,RkxVVFRFUl9HSVRfVVJMPWh0dHBzOi8vZ2l0aHViLmNvbS9mbHV0dGVyL2ZsdXR0ZXIuZ2l0,RkxVVFRFUl9GUkFNRVdPUktfUkVWSVNJT049OTU4NGM2NzEzYg==,RkxVVFRFUl9FTkdJTkVfUkVWSVNJT049MDZhMmUyYTExMA==,RkxVVFRFUl9EQVJUX1ZFUlNJT049My4xMy4z -Pdart-obfuscation=false -Ptrack-widget-creation=true -Ptree-shake-icons=false -Pfilesystem-scheme=org-dartlang-root -Pflutter.androidSdkRoot=C:\Users\USER\AppData\Local\Android\sdk -Pflutter.installedNdkVersions=28.2.13676358 -Pflutter.sdkManagerPath=C:\Users\USER\AppData\Local\Android\sdk\cmdline-tools\latest\bin\sdkmanager.bat assembleDebug
java_class_path (initial): D:\farmer-buyer-marketplace\android\\gradle\wrapper\gradle-wrapper.jar
Launcher Type: SUN_STANDARD

[Global flags]
     intx CICompilerCount                          = 12                                        {product} {ergonomic}
     uint ConcGCThreads                            = 3                                         {product} {ergonomic}
     uint G1ConcRefinementThreads                  = 13                                        {product} {ergonomic}
   size_t G1HeapRegionSize                         = 2097152                                   {product} {ergonomic}
   size_t InitialHeapSize                          = 232783872                                 {product} {ergonomic}
   size_t MarkStackSize                            = 4194304                                   {product} {ergonomic}
   size_t MarkStackSizeMax                         = 536870912                                 {product} {ergonomic}
   size_t MaxHeapSize                              = 3716153344                                {product} {ergonomic}
   size_t MaxNewSize                               = 2229272576                                {product} {ergonomic}
   size_t MinHeapDeltaBytes                        = 2097152                                   {product} {ergonomic}
   size_t MinHeapSize                              = 8388608                                   {product} {ergonomic}
    uintx NonNMethodCodeHeapSize                   = 7667712                                {pd product} {ergonomic}
    uintx NonProfiledCodeHeapSize                  = 122028032                              {pd product} {ergonomic}
    uintx ProfiledCodeHeapSize                     = 122028032                              {pd product} {ergonomic}
    uintx ReservedCodeCacheSize                    = 251723776                              {pd product} {ergonomic}
     bool SegmentedCodeCache                       = true                                      {product} {ergonomic}
   size_t SoftMaxHeapSize                          = 3716153344                             {manageable} {ergonomic}
     bool UseCompressedOops                        = true                           {product lp64_product} {ergonomic}
     bool UseG1GC                                  = true                                      {product} {ergonomic}
     bool UseLargePagesIndividualAllocation        = false                                  {pd product} {ergonomic}

Logging:
Log output configuration:
 #0: stdout all=warning uptime,level,tags foldmultilines=false
 #1: stderr all=off uptime,level,tags foldmultilines=false

Release file:
JAVA_VERSION="25.0.3" 
MODULES="java.base java.compiler java.datatransfer java.xml java.prefs java.desktop java.instrument java.logging java.management java.security.sasl java.naming java.rmi java.management.rmi java.net.http java.scripting java.security.jgss java.transaction.xa java.sql java.sql.rowset java.xml.crypto java.se java.smartcardio jdk.accessibility jdk.internal.jvmstat jdk.attach jdk.charsets jdk.internal.opt jdk.zipfs jdk.compiler jdk.crypto.cryptoki jdk.crypto.ec jdk.dynalink jdk.hotspot.agent jdk.httpserver jdk.internal.ed jdk.internal.le jdk.internal.md jdk.internal.vm.ci jdk.jartool jdk.javadoc jdk.jcmd jdk.jdeps jdk.jdwp.agent jdk.jdi jdk.jfr jdk.jlink jdk.localedata jdk.management jdk.management.agent jdk.management.jfr jdk.naming.dns jdk.naming.rmi jdk.net jdk.sctp jdk.security.auth jdk.security.jgss jdk.unsupported jdk.unsupported.desktop jdk.xml.dom" 
IMPLEMENTOR="JetBrains s.r.o." 
JAVA_RUNTIME_VERSION="25.0.3+-15898627-b508.16" 
LIBC="default" 
OS_ARCH="x86_64" 
OS_NAME="Windows" 
SOURCE=".:git:a8b1dba3234f" 

Environment Variables:
JAVA_HOME=C:\Program Files\Android\Android Studio\jbr
CLASSPATH=D:\farmer-buyer-marketplace\android\\gradle\wrapper\gradle-wrapper.jar
PATH=C:\Program Files\Android\Android Studio\jbr\bin;C:\app\USER\product\21c\dbhomeXE\bin;C:\Program Files\Common Files\Oracle\Java\javapath;C:\WINDOWS\system32;C:\WINDOWS;C:\WINDOWS\System32\Wbem;C:\WINDOWS\System32\WindowsPowerShell\v1.0\;C:\WINDOWS\System32\OpenSSH\;C:\Program Files\MySQL\MySQL Server 8.0\bin;C:\Program Files\dotnet\;C:\Program Files\Git\cmd;C:\Users\USER\AppData\Local\nvm;C:\nvm4w\nodejs;D:\R-4.5.1\bin;C:\Program Files\Java\jdk-25\bin;C:\Users\USER\Downloads\sqldeveloper-24.3.1.347.1826-x64\sqldeveloper\jdk\jre\bin;C:\Program Files\MySQL\MySQL Server 8.0\bin;C:\Users\USER\AppData\Local\Python\pythoncore-3.14-64\Scripts;C:\Program Files\MySQL\MySQL Shell 8.0\bin\;d:\cursor\resources\app\codeBin;C:\Users\USER\AppData\Local\Microsoft\WindowsApps;C:\Users\USER\AppData\Local\GitHubDesktop\bin;C:\Users\USER\.dotnet\tools;C:\Users\USER\AppData\Local\Programs\Microsoft VS Code\bin;C:\Users\USER\AppData\Roaming\npm;C:\ProgramData\USER\GitHubDesktop\bin;C:\Users\USER\AppData\Local\nvm;C:\nvm4w\nodejs;D:\New folder (2)\Windsurf\bin;C:\Users\USER\AppData\Local\Python\bin;C:\Program Files\JetBrains\IntelliJ IDEA 2025.3.2\bin;D:\Antigravity IDE\bin;C:\src\flutter\bin;;C:\src\flutter\bin\mingit\cmd
USERNAME=USER
LANG=en_US.UTF-8
OS=Windows_NT
PROCESSOR_IDENTIFIER=AMD64 Family 25 Model 80 Stepping 0, AuthenticAMD
TMP=C:\Users\USER\AppData\Local\Temp
TEMP=C:\Users\USER\AppData\Local\Temp




Compilation memory statistics disabled.

Periodic native trim disabled

JNI global refs:
JNI global refs: 29, weak refs: 0

JNI global refs memory usage: 835, weak refs: 833

Process memory usage:
Resident Set Size: 151600K (1% of 14513528K total physical memory with 533564K free physical memory)

OOME stack traces (most recent first):
Classloader memory used:
Loader bootstrap                                                                       : 15328 K
Loader org.gradle.internal.classloader.VisitableURLClassLoader                         : 5185 K
Loader java.net.URLClassLoader                                                         : 222 K
Loader jdk.internal.loader.ClassLoaders$AppClassLoader                                 : 143 K
Loader jdk.internal.loader.ClassLoaders$PlatformClassLoader                            : 100736 B

Classes loaded by more than one classloader:
Class org.gradle.internal.classloader.ClassLoaderHierarchy                            : loaded 2 times (x 72B)
Class org.gradle.cli.AbstractPropertiesCommandLineConverter                           : loaded 2 times (x 85B)
Class org.gradle.api.internal.classpath.ManifestUtil                                  : loaded 2 times (x 73B)
Class org.gradle.cli.CommandLineParser                                                : loaded 2 times (x 81B)
Class org.gradle.internal.classloader.ClassLoaderVisitor                              : loaded 2 times (x 78B)
Class org.gradle.api.internal.classpath.EffectiveClassPath                            : loaded 2 times (x 92B)
Class org.gradle.internal.service.UnknownServiceException                             : loaded 2 times (x 85B)
Class org.gradle.cli.SystemPropertiesCommandLineConverter                             : loaded 2 times (x 85B)
Class org.gradle.cli.CommandLineArgumentException                                     : loaded 2 times (x 84B)
Class org.gradle.cli.CommandLineParser$KnownOptionParserState                         : loaded 2 times (x 78B)
Class org.gradle.internal.classloader.ClasspathUtil$1                                 : loaded 2 times (x 78B)
Class org.gradle.api.internal.classpath.DefaultModuleRegistry$DefaultModule           : loaded 2 times (x 88B)
Class org.gradle.api.internal.classpath.Module                                        : loaded 2 times (x 72B)
Class org.gradle.api.internal.classpath.UnknownModuleException                        : loaded 2 times (x 84B)
Class org.gradle.internal.classpath.DefaultClassPath$ImmutableUniqueList              : loaded 2 times (x 201B)
Class org.gradle.cli.CommandLineParser$OptionAwareParserState                         : loaded 2 times (x 79B)
Class org.gradle.cli.ParsedCommandLine                                                : loaded 2 times (x 82B)
Class org.gradle.internal.classpath.ClassPath                                         : loaded 2 times (x 72B)
Class org.gradle.cli.CommandLineParser$UnknownOptionParserState                       : loaded 2 times (x 78B)
Class org.gradle.cli.ParsedCommandLineOption                                          : loaded 2 times (x 78B)
Class org.gradle.cli.CommandLineParser$AfterFirstSubCommand                           : loaded 2 times (x 79B)
Class org.gradle.api.internal.classpath.ModuleRegistry                                : loaded 2 times (x 72B)
Class org.gradle.internal.installation.GradleInstallation$1                           : loaded 2 times (x 77B)
Class org.gradle.api.internal.classpath.DefaultModuleRegistry                         : loaded 2 times (x 88B)
Class org.gradle.cli.CommandLineOption                                                : loaded 2 times (x 88B)
Class org.gradle.cli.CommandLineParser$BeforeFirstSubCommand                          : loaded 2 times (x 79B)
Class org.gradle.internal.service.ServiceLookupException                              : loaded 2 times (x 84B)
Class org.gradle.cli.CommandLineParser$OptionParserState                              : loaded 2 times (x 77B)
Class org.gradle.internal.classloader.ClasspathUtil                                   : loaded 2 times (x 73B)
Class org.gradle.api.specs.Spec                                                       : loaded 2 times (x 72B)
Class org.gradle.internal.classpath.DefaultClassPath                                  : loaded 2 times (x 92B)
Class org.gradle.internal.classloader.ClassLoaderSpec                                 : loaded 2 times (x 73B)
Class org.gradle.internal.Cast                                                        : loaded 2 times (x 73B)
Class org.gradle.api.Action                                                           : loaded 2 times (x 72B)
Class org.gradle.internal.classpath.DefaultClassPath$ImmutableUniqueList$Builder      : loaded 2 times (x 77B)
Class org.gradle.cli.AbstractCommandLineConverter                                     : loaded 2 times (x 81B)
Class org.gradle.api.GradleException                                                  : loaded 2 times (x 84B)
Class org.gradle.internal.IoActions                                                   : loaded 2 times (x 73B)
Class org.gradle.internal.classloader.SystemClassLoaderSpec                           : loaded 2 times (x 73B)
Class org.gradle.cli.CommandLineConverter                                             : loaded 2 times (x 72B)
Class org.gradle.cli.CommandLineParser$MissingOptionArgState                          : loaded 2 times (x 79B)
Class org.gradle.cli.CommandLineParser$ParserState                                    : loaded 2 times (x 78B)
Class org.gradle.cli.CommandLineParser$OptionString                                   : loaded 2 times (x 75B)
Class org.gradle.api.internal.classpath.GlobalCacheRootsProvider                      : loaded 2 times (x 72B)
Class org.gradle.internal.installation.CurrentGradleInstallationLocator               : loaded 2 times (x 73B)
Class org.gradle.internal.installation.CurrentGradleInstallation                      : loaded 2 times (x 75B)
Class org.gradle.util.internal.GUtil                                                  : loaded 2 times (x 73B)
Class org.gradle.cli.CommandLineParser$AfterOptions                                   : loaded 2 times (x 79B)
Class org.gradle.internal.installation.GradleInstallation                             : loaded 2 times (x 77B)

---------------  S Y S T E M  ---------------

OS:
 Windows 11 , 64 bit Build 26100 (10.0.26100.9444)
OS uptime: 0 days 0:49 hours
Hyper-V role detected

CPU: total 16 (initial active 16) (16 cores per cpu, 2 threads per core) family 25 model 80 stepping 0 microcode 0xa50000f, cx8, cmov, fxsr, ht, mmx, 3dnowpref, sse, sse2, sse3, ssse3, sse4a, sse4.1, sse4.2, popcnt, lzcnt, tsc, tscinvbit, avx, avx2, aes, erms, clmul, bmi1, bmi2, adx, sha, fma, vzeroupper, clflush, clflushopt, clwb, hv, rdtscp, rdpid, fsrm, f16c, cet_ss
Processor Information for the first 16 processors :
  Max Mhz: 2000, Current Mhz: 2000, Mhz Limit: 2000

Memory: 4k page, system-wide physical 14173M (520M free)
TotalPageFile size 22365M (AvailPageFile size 2M)
current process WorkingSet (physical memory assigned to process): 148M, peak: 156M
current process commit charge ("private bytes"): 342M, peak: 355M

vm_info: OpenJDK 64-Bit Server VM (25.0.3+-15898627-b508.16) for windows-amd64 JRE (25.0.3+-15898627-b508.16), built on 2026-07-20T17:54:23Z with MS VC++ 16.10 / 16.11 (VS2019)

END.
